#
# There is insufficient memory for the Java Runtime Environment to continue.
# Native memory allocation (malloc) failed to allocate 776352 bytes. Error detail: Chunk::new
# Possible reasons:
#   The system is out of physical RAM or swap space
#   This process is running with CompressedOops enabled, and the Java Heap may be blocking the growth of the native heap
# Possible solutions:
#   Reduce memory load on the system
#   Increase physical memory or swap space
#   Check if swap backing store is full
#   Decrease Java heap size (-Xmx/-Xms)
#   Decrease number of Java threads
#   Decrease Java thread stack sizes (-Xss)
#   Set larger code cache with -XX:ReservedCodeCacheSize=
#   JVM is running with Unscaled Compressed Oops mode in which the Java heap is
#     placed in the first 4GB address space. The Java Heap base address is the
#     maximum limit for the native heap growth. Please use -XX:HeapBaseMinAddress
#     to set the Java Heap base and to place the Java Heap above 4GB virtual address.
# This output file may be truncated or incomplete.
#
#  Out of Memory Error (arena.cpp:168), pid=2264, tid=3272
#
# JRE version: OpenJDK Runtime Environment (21.0.8) (build 21.0.8+-14196175-b1038.72)
# Java VM: OpenJDK 64-Bit Server VM (21.0.8+-14196175-b1038.72, mixed mode, tiered, compressed oops, compressed class ptrs, g1 gc, windows-amd64)
# No core dump will be written. Minidumps are not enabled by default on client versions of Windows
#

---------------  S U M M A R Y ------------

Command Line: --add-opens=java.base/java.lang=ALL-UNNAMED --add-opens=java.base/java.lang.invoke=ALL-UNNAMED --add-opens=java.base/java.util=ALL-UNNAMED --add-opens=java.prefs/java.util.prefs=ALL-UNNAMED --add-exports=jdk.compiler/com.sun.tools.javac.api=ALL-UNNAMED --add-exports=jdk.compiler/com.sun.tools.javac.util=ALL-UNNAMED --add-opens=java.base/java.util=ALL-UNNAMED --add-opens=java.prefs/java.util.prefs=ALL-UNNAMED --add-opens=java.base/java.nio.charset=ALL-UNNAMED --add-opens=java.base/java.net=ALL-UNNAMED --add-opens=java.base/java.util.concurrent.atomic=ALL-UNNAMED --add-opens=java.xml/javax.xml.namespace=ALL-UNNAMED -Xmx2048m -Dfile.encoding=UTF-8 -Duser.country=RU -Duser.language=ru -Duser.variant -javaagent:C:\Users\arman\.gradle\wrapper\dists\gradle-8.13-bin\5xuhj0ry160q40clulazy9h7d\gradle-8.13\lib\agents\gradle-instrumentation-agent-8.13.jar org.gradle.launcher.daemon.bootstrap.GradleDaemon 8.13

Host: Intel(R) Core(TM) i3-6006U CPU @ 2.00GHz, 4 cores, 3G,  Windows 10 , 64 bit Build 19041 (10.0.19041.5915)
Time: Fri Mar 27 15:16:14 2026 elapsed time: 17.489232 seconds (0d 0h 0m 17s)

---------------  T H R E A D  ---------------

Current thread (0x00000212de18e230):  JavaThread "C2 CompilerThread0" daemon [_thread_in_native, id=3272, stack(0x00000094d5600000,0x00000094d5700000) (1024K)]


Current CompileTask:
C2:17489 5646   !   4       jdk.internal.loader.Resource::getBytes (244 bytes)

Stack: [0x00000094d5600000,0x00000094d5700000]
Native frames: (J=compiled Java code, j=interpreted, Vv=VM code, C=native code)
V  [jvm.dll+0x6d68d9]
V  [jvm.dll+0x866693]
V  [jvm.dll+0x868c4e]
V  [jvm.dll+0x869333]
V  [jvm.dll+0x280566]
V  [jvm.dll+0xc07cd]
V  [jvm.dll+0xc0d03]
V  [jvm.dll+0x3b961b]
V  [jvm.dll+0x385507]
V  [jvm.dll+0x38497a]
V  [jvm.dll+0x249252]
V  [jvm.dll+0x248821]
V  [jvm.dll+0x1c73a4]
V  [jvm.dll+0x257f9e]
V  [jvm.dll+0x2564e6]
V  [jvm.dll+0x3f4696]
V  [jvm.dll+0x80eac8]
V  [jvm.dll+0x6d512d]
C  [ucrtbase.dll+0x21bb2]
C  [KERNEL32.DLL+0x17374]
C  [ntdll.dll+0x4cc91]


---------------  P R O C E S S  ---------------

Threads class SMR info:
_java_thread_list=0x00000212de8595f0, length=45, elements={
0x00000212c71b02d0, 0x00000212de03e5e0, 0x00000212de1a1030, 0x00000212de1a2160,
0x00000212de1a3fd0, 0x00000212de188ca0, 0x00000212de189360, 0x00000212de1899f0,
0x00000212de18e230, 0x00000212de1c63a0, 0x00000212de18c150, 0x00000212de18c7e0,
0x00000212de18a080, 0x00000212de18bac0, 0x00000212de18b430, 0x00000212de18ada0,
0x00000212e412a140, 0x00000212e412e970, 0x00000212e412b4f0, 0x00000212e4129ab0,
0x00000212e412ae60, 0x00000212e412f000, 0x00000212e412f690, 0x00000212e412bb80,
0x00000212e412c8a0, 0x00000212e412e2e0, 0x00000212e412a7d0, 0x00000212e41303b0,
0x00000212e412c210, 0x00000212e4130a40, 0x00000212e412d5c0, 0x00000212e41310d0,
0x00000212e412dc50, 0x00000212e586f6e0, 0x00000212e586fd70, 0x00000212e5870400,
0x00000212e586f050, 0x00000212e5874c30, 0x00000212e5875950, 0x00000212e5872b60,
0x00000212e5875fe0, 0x00000212e58752c0, 0x00000212e5870a90, 0x00000212e5871e40,
0x00000212e58724d0
}

Java Threads: ( => current thread )
  0x00000212c71b02d0 JavaThread "main"                              [_thread_blocked, id=8700, stack(0x00000094d4700000,0x00000094d4800000) (1024K)]
  0x00000212de03e5e0 JavaThread "Common-Cleaner"             daemon [_thread_blocked, id=4536, stack(0x00000094d4f00000,0x00000094d5000000) (1024K)]
  0x00000212de1a1030 JavaThread "Reference Handler"          daemon [_thread_blocked, id=9824, stack(0x00000094d5000000,0x00000094d5100000) (1024K)]
  0x00000212de1a2160 JavaThread "Finalizer"                  daemon [_thread_blocked, id=3360, stack(0x00000094d5100000,0x00000094d5200000) (1024K)]
  0x00000212de1a3fd0 JavaThread "Signal Dispatcher"          daemon [_thread_blocked, id=8012, stack(0x00000094d5200000,0x00000094d5300000) (1024K)]
  0x00000212de188ca0 JavaThread "Attach Listener"            daemon [_thread_blocked, id=1020, stack(0x00000094d5300000,0x00000094d5400000) (1024K)]
  0x00000212de189360 JavaThread "Service Thread"             daemon [_thread_blocked, id=9300, stack(0x00000094d5400000,0x00000094d5500000) (1024K)]
  0x00000212de1899f0 JavaThread "Monitor Deflation Thread"   daemon [_thread_blocked, id=7968, stack(0x00000094d5500000,0x00000094d5600000) (1024K)]
=>0x00000212de18e230 JavaThread "C2 CompilerThread0"         daemon [_thread_in_native, id=3272, stack(0x00000094d5600000,0x00000094d5700000) (1024K)]
  0x00000212de1c63a0 JavaThread "C1 CompilerThread0"         daemon [_thread_blocked, id=8972, stack(0x00000094d5700000,0x00000094d5800000) (1024K)]
  0x00000212de18c150 JavaThread "Notification Thread"        daemon [_thread_blocked, id=5800, stack(0x00000094d5800000,0x00000094d5900000) (1024K)]
  0x00000212de18c7e0 JavaThread "Daemon health stats"               [_thread_blocked, id=8352, stack(0x00000094d5c00000,0x00000094d5d00000) (1024K)]
  0x00000212de18a080 JavaThread "Incoming local TCP Connector on port 54266"        [_thread_in_native, id=5076, stack(0x00000094d5d00000,0x00000094d5e00000) (1024K)]
  0x00000212de18bac0 JavaThread "Daemon periodic checks"            [_thread_blocked, id=6656, stack(0x00000094d5e00000,0x00000094d5f00000) (1024K)]
  0x00000212de18b430 JavaThread "Daemon"                            [_thread_blocked, id=9872, stack(0x00000094d5f00000,0x00000094d6000000) (1024K)]
  0x00000212de18ada0 JavaThread "Handler for socket connection from /127.0.0.1:54266 to /127.0.0.1:54267"        [_thread_in_native, id=8780, stack(0x00000094d6000000,0x00000094d6100000) (1024K)]
  0x00000212e412a140 JavaThread "Cancel handler"                    [_thread_blocked, id=8284, stack(0x00000094d6100000,0x00000094d6200000) (1024K)]
  0x00000212e412e970 JavaThread "Daemon worker"                     [_thread_blocked, id=7828, stack(0x00000094d6200000,0x00000094d6300000) (1024K)]
  0x00000212e412b4f0 JavaThread "Asynchronous log dispatcher for DefaultDaemonConnection: socket connection from /127.0.0.1:54266 to /127.0.0.1:54267"        [_thread_blocked, id=1544, stack(0x00000094d6300000,0x00000094d6400000) (1024K)]
  0x00000212e4129ab0 JavaThread "Stdin handler"                     [_thread_blocked, id=5524, stack(0x00000094d6400000,0x00000094d6500000) (1024K)]
  0x00000212e412ae60 JavaThread "Daemon client event forwarder"        [_thread_blocked, id=5568, stack(0x00000094d6500000,0x00000094d6600000) (1024K)]
  0x00000212e412f000 JavaThread "Cache worker for journal cache (C:\Users\arman\.gradle\caches\journal-1)"        [_thread_blocked, id=1860, stack(0x00000094d6600000,0x00000094d6700000) (1024K)]
  0x00000212e412f690 JavaThread "File lock request listener"        [_thread_in_native, id=8536, stack(0x00000094d6700000,0x00000094d6800000) (1024K)]
  0x00000212e412bb80 JavaThread "Cache worker for file hash cache (C:\Users\arman\.gradle\caches\8.13\fileHashes)"        [_thread_blocked, id=5040, stack(0x00000094d6800000,0x00000094d6900000) (1024K)]
  0x00000212e412c8a0 JavaThread "Cache worker for file hash cache (C:\JavaProjects\ZenTreeSecond\.gradle\8.13\fileHashes)"        [_thread_blocked, id=7156, stack(0x00000094d6900000,0x00000094d6a00000) (1024K)]
  0x00000212e412e2e0 JavaThread "Cache worker for Build Output Cleanup Cache (C:\JavaProjects\ZenTreeSecond\.gradle\buildOutputCleanup)"        [_thread_blocked, id=2120, stack(0x00000094d6a00000,0x00000094d6b00000) (1024K)]
  0x00000212e412a7d0 JavaThread "File watcher server"        daemon [_thread_in_native, id=9960, stack(0x00000094d6b00000,0x00000094d6c00000) (1024K)]
  0x00000212e41303b0 JavaThread "File watcher consumer"      daemon [_thread_blocked, id=9012, stack(0x00000094d6c00000,0x00000094d6d00000) (1024K)]
  0x00000212e412c210 JavaThread "jar transforms"                    [_thread_blocked, id=3324, stack(0x00000094d6d00000,0x00000094d6e00000) (1024K)]
  0x00000212e4130a40 JavaThread "jar transforms Thread 2"           [_thread_blocked, id=1048, stack(0x00000094d6e00000,0x00000094d6f00000) (1024K)]
  0x00000212e412d5c0 JavaThread "Cache worker for checksums cache (C:\JavaProjects\ZenTreeSecond\.gradle\8.13\checksums)"        [_thread_blocked, id=2348, stack(0x00000094d6f00000,0x00000094d7000000) (1024K)]
  0x00000212e41310d0 JavaThread "Cache worker for file content cache (C:\Users\arman\.gradle\caches\8.13\fileContent)"        [_thread_blocked, id=8808, stack(0x00000094d7000000,0x00000094d7100000) (1024K)]
  0x00000212e412dc50 JavaThread "jar transforms Thread 3"           [_thread_blocked, id=7952, stack(0x00000094d7100000,0x00000094d7200000) (1024K)]
  0x00000212e586f6e0 JavaThread "Cache worker for cache directory md-supplier (C:\Users\arman\.gradle\caches\8.13\md-supplier)"        [_thread_blocked, id=2496, stack(0x00000094d7200000,0x00000094d7300000) (1024K)]
  0x00000212e586fd70 JavaThread "Cache worker for cache directory md-rule (C:\Users\arman\.gradle\caches\8.13\md-rule)"        [_thread_blocked, id=2292, stack(0x00000094d7300000,0x00000094d7400000) (1024K)]
  0x00000212e5870400 JavaThread "Unconstrained build operations"        [_thread_blocked, id=8680, stack(0x00000094d7400000,0x00000094d7500000) (1024K)]
  0x00000212e586f050 JavaThread "Unconstrained build operations Thread 2"        [_thread_blocked, id=5540, stack(0x00000094d7500000,0x00000094d7600000) (1024K)]
  0x00000212e5874c30 JavaThread "Unconstrained build operations Thread 3"        [_thread_blocked, id=9328, stack(0x00000094d7600000,0x00000094d7700000) (1024K)]
  0x00000212e5875950 JavaThread "Unconstrained build operations Thread 4"        [_thread_blocked, id=9952, stack(0x00000094d7700000,0x00000094d7800000) (1024K)]
  0x00000212e5872b60 JavaThread "Unconstrained build operations Thread 5"        [_thread_blocked, id=3480, stack(0x00000094d7800000,0x00000094d7900000) (1024K)]
  0x00000212e5875fe0 JavaThread "Unconstrained build operations Thread 6"        [_thread_blocked, id=3428, stack(0x00000094d7900000,0x00000094d7a00000) (1024K)]
  0x00000212e58752c0 JavaThread "jar transforms Thread 4"           [_thread_blocked, id=7892, stack(0x00000094d7a00000,0x00000094d7b00000) (1024K)]
  0x00000212e5870a90 JavaThread "Unconstrained build operations Thread 7"        [_thread_blocked, id=3760, stack(0x00000094d7b00000,0x00000094d7c00000) (1024K)]
  0x00000212e5871e40 JavaThread "Unconstrained build operations Thread 8"        [_thread_blocked, id=4248, stack(0x00000094d7c00000,0x00000094d7d00000) (1024K)]
  0x00000212e58724d0 JavaThread "Unconstrained build operations Thread 9"        [_thread_blocked, id=4948, stack(0x00000094d7d00000,0x00000094d7e00000) (1024K)]
Total: 45

Other Threads:
  0x00000212ddff2d50 VMThread "VM Thread"                           [id=1752, stack(0x00000094d4e00000,0x00000094d4f00000) (1024K)]
  0x00000212ddf601d0 WatcherThread "VM Periodic Task Thread"        [id=7400, stack(0x00000094d4d00000,0x00000094d4e00000) (1024K)]
  0x00000212c7204870 WorkerThread "GC Thread#0"                     [id=1928, stack(0x00000094d4800000,0x00000094d4900000) (1024K)]
  0x00000212de626490 WorkerThread "GC Thread#1"                     [id=1044, stack(0x00000094d5900000,0x00000094d5a00000) (1024K)]
  0x00000212de567260 WorkerThread "GC Thread#2"                     [id=5504, stack(0x00000094d5a00000,0x00000094d5b00000) (1024K)]
  0x00000212e3228f20 WorkerThread "GC Thread#3"                     [id=5032, stack(0x00000094d5b00000,0x00000094d5c00000) (1024K)]
  0x00000212c7215760 ConcurrentGCThread "G1 Main Marker"            [id=9492, stack(0x00000094d4900000,0x00000094d4a00000) (1024K)]
  0x00000212c72172f0 WorkerThread "G1 Conc#0"                       [id=6996, stack(0x00000094d4a00000,0x00000094d4b00000) (1024K)]
  0x00000212c726ef50 ConcurrentGCThread "G1 Refine#0"               [id=9592, stack(0x00000094d4b00000,0x00000094d4c00000) (1024K)]
  0x00000212c726f9d0 ConcurrentGCThread "G1 Service"                [id=9920, stack(0x00000094d4c00000,0x00000094d4d00000) (1024K)]
Total: 10

Threads with active compile tasks:
C2 CompilerThread0  17567 5646   !   4       jdk.internal.loader.Resource::getBytes (244 bytes)
Total: 1

VM state: not at safepoint (normal execution)

VM Mutex/Monitor currently owned by a thread: None

Heap address: 0x0000000080000000, size: 2048 MB, Compressed Oops mode: 32-bit

CDS archive(s) not mapped
Compressed class space mapped at: 0x0000000100000000-0x0000000140000000, reserved size: 1073741824
Narrow klass base: 0x0000000000000000, Narrow klass shift: 3, Narrow klass range: 0x140000000

GC Precious Log:
 CardTable entry size: 512
 Card Set container configuration: InlinePtr #cards 5 size 8 Array Of Cards #cards 12 size 40 Howl #buckets 4 coarsen threshold 1843 Howl Bitmap #cards 512 size 80 coarsen threshold 460 Card regions per heap region 1 cards per card region 2048
 CPUs: 4 total, 4 available
 Memory: 3975M
 Large Page Support: Disabled
 NUMA Support: Disabled
 Compressed Oops: Enabled (32-bit)
 Heap Region Size: 1M
 Heap Min Capacity: 8M
 Heap Initial Capacity: 64M
 Heap Max Capacity: 2G
 Pre-touch: Disabled
 Parallel Workers: 4
 Concurrent Workers: 1
 Concurrent Refinement Workers: 4
 Periodic GC: Disabled

Heap:
 garbage-first heap   total 80896K, used 54528K [0x0000000080000000, 0x0000000100000000)
  region size 1024K, 13 young (13312K), 3 survivors (3072K)
 Metaspace       used 62676K, committed 64256K, reserved 1114112K
  class space    used 8729K, committed 9472K, reserved 1048576K

Heap Regions: E=young(eden), S=young(survivor), O=old, HS=humongous(starts), HC=humongous(continues), CS=collection set, F=free, TAMS=top-at-mark-start, PB=parsable bottom
|   0|0x0000000080000000, 0x0000000080100000, 0x0000000080100000|100%|HS|  |TAMS 0x0000000080000000| PB 0x0000000080000000| Complete 
|   1|0x0000000080100000, 0x0000000080200000, 0x0000000080200000|100%|HC|  |TAMS 0x0000000080100000| PB 0x0000000080100000| Complete 
|   2|0x0000000080200000, 0x0000000080300000, 0x0000000080300000|100%|HC|  |TAMS 0x0000000080200000| PB 0x0000000080200000| Complete 
|   3|0x0000000080300000, 0x0000000080400000, 0x0000000080400000|100%| O|  |TAMS 0x0000000080300000| PB 0x0000000080300000| Untracked 
|   4|0x0000000080400000, 0x0000000080500000, 0x0000000080500000|100%| O|  |TAMS 0x0000000080400000| PB 0x0000000080400000| Untracked 
|   5|0x0000000080500000, 0x0000000080600000, 0x0000000080600000|100%| O|  |TAMS 0x0000000080500000| PB 0x0000000080500000| Untracked 
|   6|0x0000000080600000, 0x0000000080700000, 0x0000000080700000|100%| O|  |TAMS 0x0000000080600000| PB 0x0000000080600000| Untracked 
|   7|0x0000000080700000, 0x0000000080800000, 0x0000000080800000|100%| O|  |TAMS 0x0000000080700000| PB 0x0000000080700000| Untracked 
|   8|0x0000000080800000, 0x0000000080900000, 0x0000000080900000|100%| O|  |TAMS 0x0000000080800000| PB 0x0000000080800000| Untracked 
|   9|0x0000000080900000, 0x0000000080a00000, 0x0000000080a00000|100%| O|  |TAMS 0x0000000080900000| PB 0x0000000080900000| Untracked 
|  10|0x0000000080a00000, 0x0000000080b00000, 0x0000000080b00000|100%| O|  |TAMS 0x0000000080a00000| PB 0x0000000080a00000| Untracked 
|  11|0x0000000080b00000, 0x0000000080c00000, 0x0000000080c00000|100%|HS|  |TAMS 0x0000000080b00000| PB 0x0000000080b00000| Complete 
|  12|0x0000000080c00000, 0x0000000080d00000, 0x0000000080d00000|100%| O|  |TAMS 0x0000000080c00000| PB 0x0000000080c00000| Untracked 
|  13|0x0000000080d00000, 0x0000000080e00000, 0x0000000080e00000|100%| O|  |TAMS 0x0000000080d00000| PB 0x0000000080d00000| Untracked 
|  14|0x0000000080e00000, 0x0000000080f00000, 0x0000000080f00000|100%| O|  |TAMS 0x0000000080e00000| PB 0x0000000080e00000| Untracked 
|  15|0x0000000080f00000, 0x0000000081000000, 0x0000000081000000|100%| O|  |TAMS 0x0000000080f00000| PB 0x0000000080f00000| Untracked 
|  16|0x0000000081000000, 0x0000000081100000, 0x0000000081100000|100%| O|  |TAMS 0x0000000081000000| PB 0x0000000081000000| Untracked 
|  17|0x0000000081100000, 0x0000000081200000, 0x0000000081200000|100%| O|  |TAMS 0x0000000081100000| PB 0x0000000081100000| Untracked 
|  18|0x0000000081200000, 0x0000000081300000, 0x0000000081300000|100%| O|  |TAMS 0x0000000081200000| PB 0x0000000081200000| Untracked 
|  19|0x0000000081300000, 0x0000000081400000, 0x0000000081400000|100%| O|  |TAMS 0x0000000081300000| PB 0x0000000081300000| Untracked 
|  20|0x0000000081400000, 0x0000000081500000, 0x0000000081500000|100%| O|  |TAMS 0x0000000081400000| PB 0x0000000081400000| Untracked 
|  21|0x0000000081500000, 0x0000000081600000, 0x0000000081600000|100%| O|  |TAMS 0x0000000081500000| PB 0x0000000081500000| Untracked 
|  22|0x0000000081600000, 0x0000000081700000, 0x0000000081700000|100%| O|  |TAMS 0x0000000081600000| PB 0x0000000081600000| Untracked 
|  23|0x0000000081700000, 0x0000000081800000, 0x0000000081800000|100%| O|  |TAMS 0x0000000081700000| PB 0x0000000081700000| Untracked 
|  24|0x0000000081800000, 0x0000000081900000, 0x0000000081900000|100%| O|  |TAMS 0x0000000081800000| PB 0x0000000081800000| Untracked 
|  25|0x0000000081900000, 0x0000000081a00000, 0x0000000081a00000|100%| O|  |TAMS 0x0000000081900000| PB 0x0000000081900000| Untracked 
|  26|0x0000000081a00000, 0x0000000081a00000, 0x0000000081b00000|  0%| F|  |TAMS 0x0000000081a00000| PB 0x0000000081a00000| Untracked 
|  27|0x0000000081b00000, 0x0000000081c00000, 0x0000000081c00000|100%|HS|  |TAMS 0x0000000081b00000| PB 0x0000000081b00000| Complete 
|  28|0x0000000081c00000, 0x0000000081d00000, 0x0000000081d00000|100%|HC|  |TAMS 0x0000000081c00000| PB 0x0000000081c00000| Complete 
|  29|0x0000000081d00000, 0x0000000081e00000, 0x0000000081e00000|100%| O|  |TAMS 0x0000000081d00000| PB 0x0000000081d00000| Untracked 
|  30|0x0000000081e00000, 0x0000000081f00000, 0x0000000081f00000|100%| O|  |TAMS 0x0000000081e00000| PB 0x0000000081e00000| Untracked 
|  31|0x0000000081f00000, 0x0000000082000000, 0x0000000082000000|100%| O|  |TAMS 0x0000000081f00000| PB 0x0000000081f00000| Untracked 
|  32|0x0000000082000000, 0x0000000082100000, 0x0000000082100000|100%| O|  |TAMS 0x0000000082000000| PB 0x0000000082000000| Untracked 
|  33|0x0000000082100000, 0x0000000082100000, 0x0000000082200000|  0%| F|  |TAMS 0x0000000082100000| PB 0x0000000082100000| Untracked 
|  34|0x0000000082200000, 0x0000000082300000, 0x0000000082300000|100%| O|  |TAMS 0x0000000082200000| PB 0x0000000082200000| Untracked 
|  35|0x0000000082300000, 0x0000000082400000, 0x0000000082400000|100%| O|  |TAMS 0x0000000082300000| PB 0x0000000082300000| Untracked 
|  36|0x0000000082400000, 0x0000000082500000, 0x0000000082500000|100%| O|  |TAMS 0x0000000082400000| PB 0x0000000082400000| Untracked 
|  37|0x0000000082500000, 0x0000000082600000, 0x0000000082600000|100%| O|  |TAMS 0x0000000082500000| PB 0x0000000082500000| Untracked 
|  38|0x0000000082600000, 0x000000008268e660, 0x0000000082700000| 55%| O|  |TAMS 0x0000000082600000| PB 0x0000000082600000| Untracked 
|  39|0x0000000082700000, 0x0000000082700000, 0x0000000082800000|  0%| F|  |TAMS 0x0000000082700000| PB 0x0000000082700000| Untracked 
|  40|0x0000000082800000, 0x0000000082800000, 0x0000000082900000|  0%| F|  |TAMS 0x0000000082800000| PB 0x0000000082800000| Untracked 
|  41|0x0000000082900000, 0x0000000082a00000, 0x0000000082a00000|100%| O|  |TAMS 0x0000000082900000| PB 0x0000000082900000| Untracked 
|  42|0x0000000082a00000, 0x0000000082a00000, 0x0000000082b00000|  0%| F|  |TAMS 0x0000000082a00000| PB 0x0000000082a00000| Untracked 
|  43|0x0000000082b00000, 0x0000000082c00000, 0x0000000082c00000|100%| O|  |TAMS 0x0000000082b00000| PB 0x0000000082b00000| Untracked 
|  44|0x0000000082c00000, 0x0000000082d00000, 0x0000000082d00000|100%| O|  |TAMS 0x0000000082c00000| PB 0x0000000082c00000| Untracked 
|  45|0x0000000082d00000, 0x0000000082e00000, 0x0000000082e00000|100%| O|  |TAMS 0x0000000082d00000| PB 0x0000000082d00000| Untracked 
|  46|0x0000000082e00000, 0x0000000082e00000, 0x0000000082f00000|  0%| F|  |TAMS 0x0000000082e00000| PB 0x0000000082e00000| Untracked 
|  47|0x0000000082f00000, 0x0000000082f00000, 0x0000000083000000|  0%| F|  |TAMS 0x0000000082f00000| PB 0x0000000082f00000| Untracked 
|  48|0x0000000083000000, 0x00000000830b1b00, 0x0000000083100000| 69%| S|CS|TAMS 0x0000000083000000| PB 0x0000000083000000| Complete 
|  49|0x0000000083100000, 0x0000000083200000, 0x0000000083200000|100%| S|CS|TAMS 0x0000000083100000| PB 0x0000000083100000| Complete 
|  50|0x0000000083200000, 0x0000000083300000, 0x0000000083300000|100%| S|CS|TAMS 0x0000000083200000| PB 0x0000000083200000| Complete 
|  51|0x0000000083300000, 0x0000000083300000, 0x0000000083400000|  0%| F|  |TAMS 0x0000000083300000| PB 0x0000000083300000| Untracked 
|  52|0x0000000083400000, 0x0000000083400000, 0x0000000083500000|  0%| F|  |TAMS 0x0000000083400000| PB 0x0000000083400000| Untracked 
|  53|0x0000000083500000, 0x0000000083500000, 0x0000000083600000|  0%| F|  |TAMS 0x0000000083500000| PB 0x0000000083500000| Untracked 
|  54|0x0000000083600000, 0x0000000083600000, 0x0000000083700000|  0%| F|  |TAMS 0x0000000083600000| PB 0x0000000083600000| Untracked 
|  55|0x0000000083700000, 0x0000000083700000, 0x0000000083800000|  0%| F|  |TAMS 0x0000000083700000| PB 0x0000000083700000| Untracked 
|  56|0x0000000083800000, 0x0000000083800000, 0x0000000083900000|  0%| F|  |TAMS 0x0000000083800000| PB 0x0000000083800000| Untracked 
|  57|0x0000000083900000, 0x0000000083900000, 0x0000000083a00000|  0%| F|  |TAMS 0x0000000083900000| PB 0x0000000083900000| Untracked 
|  58|0x0000000083a00000, 0x0000000083a00000, 0x0000000083b00000|  0%| F|  |TAMS 0x0000000083a00000| PB 0x0000000083a00000| Untracked 
|  59|0x0000000083b00000, 0x0000000083b00000, 0x0000000083c00000|  0%| F|  |TAMS 0x0000000083b00000| PB 0x0000000083b00000| Untracked 
|  60|0x0000000083c00000, 0x0000000083c00000, 0x0000000083d00000|  0%| F|  |TAMS 0x0000000083c00000| PB 0x0000000083c00000| Untracked 
|  61|0x0000000083d00000, 0x0000000083d00000, 0x0000000083e00000|  0%| F|  |TAMS 0x0000000083d00000| PB 0x0000000083d00000| Untracked 
|  62|0x0000000083e00000, 0x0000000083e00000, 0x0000000083f00000|  0%| F|  |TAMS 0x0000000083e00000| PB 0x0000000083e00000| Untracked 
|  63|0x0000000083f00000, 0x0000000083f00000, 0x0000000084000000|  0%| F|  |TAMS 0x0000000083f00000| PB 0x0000000083f00000| Untracked 
|  64|0x0000000084000000, 0x0000000084000000, 0x0000000084100000|  0%| F|  |TAMS 0x0000000084000000| PB 0x0000000084000000| Untracked 
|  65|0x0000000084100000, 0x0000000084100000, 0x0000000084200000|  0%| F|  |TAMS 0x0000000084100000| PB 0x0000000084100000| Untracked 
|  66|0x0000000084200000, 0x0000000084200000, 0x0000000084300000|  0%| F|  |TAMS 0x0000000084200000| PB 0x0000000084200000| Untracked 
|  67|0x0000000084300000, 0x0000000084300000, 0x0000000084400000|  0%| F|  |TAMS 0x0000000084300000| PB 0x0000000084300000| Untracked 
|  68|0x0000000084400000, 0x00000000844cdb30, 0x0000000084500000| 80%| E|  |TAMS 0x0000000084400000| PB 0x0000000084400000| Complete 
|  69|0x0000000084500000, 0x0000000084600000, 0x0000000084600000|100%| E|CS|TAMS 0x0000000084500000| PB 0x0000000084500000| Complete 
|  70|0x0000000084600000, 0x0000000084700000, 0x0000000084700000|100%| E|CS|TAMS 0x0000000084600000| PB 0x0000000084600000| Complete 
|  71|0x0000000084700000, 0x0000000084800000, 0x0000000084800000|100%| E|CS|TAMS 0x0000000084700000| PB 0x0000000084700000| Complete 
|  72|0x0000000084800000, 0x0000000084900000, 0x0000000084900000|100%| E|CS|TAMS 0x0000000084800000| PB 0x0000000084800000| Complete 
|  73|0x0000000084900000, 0x0000000084a00000, 0x0000000084a00000|100%| E|CS|TAMS 0x0000000084900000| PB 0x0000000084900000| Complete 
|  74|0x0000000084a00000, 0x0000000084b00000, 0x0000000084b00000|100%| E|CS|TAMS 0x0000000084a00000| PB 0x0000000084a00000| Complete 
|  75|0x0000000084b00000, 0x0000000084c00000, 0x0000000084c00000|100%| E|CS|TAMS 0x0000000084b00000| PB 0x0000000084b00000| Complete 
|  76|0x0000000084c00000, 0x0000000084d00000, 0x0000000084d00000|100%| E|CS|TAMS 0x0000000084c00000| PB 0x0000000084c00000| Complete 
|  77|0x0000000084d00000, 0x0000000084e00000, 0x0000000084e00000|100%| E|CS|TAMS 0x0000000084d00000| PB 0x0000000084d00000| Complete 
|2047|0x00000000fff00000, 0x0000000100000000, 0x0000000100000000|100%| O|  |TAMS 0x00000000fff00000| PB 0x00000000fff00000| Untracked 

Card table byte_map: [0x00000212d9710000,0x00000212d9b10000] _byte_map_base: 0x00000212d9310000

Marking Bits: (CMBitMap*) 0x00000212c7204e80
 Bits: [0x00000212d9b10000, 0x00000212dbb10000)

Polling page: 0x00000212c5050000

Metaspace:

Usage:
  Non-class:     52.68 MB used.
      Class:      8.53 MB used.
       Both:     61.21 MB used.

Virtual space:
  Non-class space:       64.00 MB reserved,      53.50 MB ( 84%) committed,  1 nodes.
      Class space:        1.00 GB reserved,       9.25 MB ( <1%) committed,  1 nodes.
             Both:        1.06 GB reserved,      62.75 MB (  6%) committed. 

Chunk freelists:
   Non-Class:  9.80 MB
       Class:  6.67 MB
        Both:  16.47 MB

MaxMetaspaceSize: unlimited
CompressedClassSpaceSize: 1.00 GB
Initial GC threshold: 21.00 MB
Current GC threshold: 96.81 MB
CDS: off
 - commit_granule_bytes: 65536.
 - commit_granule_words: 8192.
 - virtual_space_node_default_size: 8388608.
 - enlarge_chunks_in_place: 1.
 - use_allocation_guard: 0.


Internal statistics:

num_allocs_failed_limit: 6.
num_arena_births: 2908.
num_arena_deaths: 0.
num_vsnodes_births: 2.
num_vsnodes_deaths: 0.
num_space_committed: 1004.
num_space_uncommitted: 0.
num_chunks_returned_to_freelist: 6.
num_chunks_taken_from_freelist: 5424.
num_chunk_merges: 6.
num_chunk_splits: 3526.
num_chunks_enlarged: 2173.
num_inconsistent_stats: 0.

CodeHeap 'non-profiled nmethods': size=120000Kb used=2778Kb max_used=2778Kb free=117222Kb
 bounds [0x00000212d1de0000, 0x00000212d20a0000, 0x00000212d9310000]
CodeHeap 'profiled nmethods': size=120000Kb used=9554Kb max_used=9586Kb free=110445Kb
 bounds [0x00000212ca310000, 0x00000212cac80000, 0x00000212d1840000]
CodeHeap 'non-nmethods': size=5760Kb used=2728Kb max_used=2757Kb free=3031Kb
 bounds [0x00000212d1840000, 0x00000212d1b00000, 0x00000212d1de0000]
CodeCache: size=245760Kb, used=15060Kb, max_used=15121Kb, free=230698Kb
 total_blobs=5983, nmethods=5108, adapters=778, full_count=0
Compilation: enabled, stopped_count=0, restarted_count=0

Compilation events (20 events):
Event: 17.244 Thread 0x00000212de1c63a0 5634       3       kotlin.reflect.jvm.internal.ReflectProperties::lazySoft (14 bytes)
Event: 17.244 Thread 0x00000212de1c63a0 nmethod 5634 0x00000212ca5f6010 code [0x00000212ca5f61e0, 0x00000212ca5f6490]
Event: 17.244 Thread 0x00000212de1c63a0 5637       3       kotlin.LazyKt__LazyJVMKt::lazy (102 bytes)
Event: 17.247 Thread 0x00000212de1c63a0 nmethod 5637 0x00000212ca371310 code [0x00000212ca371720, 0x00000212ca3730c8]
Event: 17.247 Thread 0x00000212de1c63a0 5638       3       kotlin.SafePublicationLazyImpl::<init> (30 bytes)
Event: 17.248 Thread 0x00000212de1c63a0 nmethod 5638 0x00000212ca4f0e10 code [0x00000212ca4f1040, 0x00000212ca4f1760]
Event: 17.249 Thread 0x00000212de18e230 nmethod 5626 0x00000212d2091a10 code [0x00000212d2091be0, 0x00000212d2092098]
Event: 17.249 Thread 0x00000212de18e230 5635       4       kotlin.jvm.internal.Intrinsics::checkNotNullParameter (9 bytes)
Event: 17.250 Thread 0x00000212de18e230 nmethod 5635 0x00000212d1f21e90 code [0x00000212d1f22020, 0x00000212d1f220a8]
Event: 17.264 Thread 0x00000212de1c63a0 5639       3       kotlin.reflect.jvm.internal.impl.renderer.DescriptorRendererOptionsImpl::property (20 bytes)
Event: 17.264 Thread 0x00000212de1c63a0 nmethod 5639 0x00000212ca656310 code [0x00000212ca6564c0, 0x00000212ca6567f0]
Event: 17.264 Thread 0x00000212de1c63a0 5640       3       kotlin.reflect.jvm.internal.impl.renderer.DescriptorRendererOptionsImpl$property$$inlined$vetoable$1::<init> (11 bytes)
Event: 17.265 Thread 0x00000212de1c63a0 nmethod 5640 0x00000212ca370d90 code [0x00000212ca370f40, 0x00000212ca3711c0]
Event: 17.314 Thread 0x00000212de1c63a0 5641       3       jdk.internal.jimage.BasicImageReader::verifyLocation (39 bytes)
Event: 17.314 Thread 0x00000212de1c63a0 nmethod 5641 0x00000212ca4f0810 code [0x00000212ca4f09e0, 0x00000212ca4f0cb8]
Event: 17.329 Thread 0x00000212de1c63a0 5642   !   3       java.io.NioChannelCleanable::performCleanup (24 bytes)
Event: 17.329 Thread 0x00000212de1c63a0 nmethod 5642 0x00000212ca655790 code [0x00000212ca655960, 0x00000212ca655cc0]
Event: 17.334 Thread 0x00000212de18e230 5643       4       jdk.internal.loader.URLClassPath$JarLoader$2::getBytes (48 bytes)
Event: 17.424 Thread 0x00000212de18e230 nmethod 5643 0x00000212d2092590 code [0x00000212d2092920, 0x00000212d20950b8]
Event: 17.424 Thread 0x00000212de18e230 5646   !   4       jdk.internal.loader.Resource::getBytes (244 bytes)

GC Heap History (20 events):
Event: 7.711 GC heap before
{Heap before GC invocations=7 (full 0):
 garbage-first heap   total 65536K, used 53713K [0x0000000080000000, 0x0000000100000000)
  region size 1024K, 35 young (35840K), 4 survivors (4096K)
 Metaspace       used 31269K, committed 31872K, reserved 1114112K
  class space    used 4208K, committed 4480K, reserved 1048576K
}
Event: 7.723 GC heap after
{Heap after GC invocations=8 (full 0):
 garbage-first heap   total 65536K, used 23998K [0x0000000080000000, 0x0000000100000000)
  region size 1024K, 4 young (4096K), 4 survivors (4096K)
 Metaspace       used 31269K, committed 31872K, reserved 1114112K
  class space    used 4208K, committed 4480K, reserved 1048576K
}
Event: 10.288 GC heap before
{Heap before GC invocations=8 (full 0):
 garbage-first heap   total 65536K, used 49598K [0x0000000080000000, 0x0000000100000000)
  region size 1024K, 31 young (31744K), 4 survivors (4096K)
 Metaspace       used 35187K, committed 35968K, reserved 1114112K
  class space    used 4873K, committed 5248K, reserved 1048576K
}
Event: 10.303 GC heap after
{Heap after GC invocations=9 (full 0):
 garbage-first heap   total 65536K, used 25505K [0x0000000080000000, 0x0000000100000000)
  region size 1024K, 4 young (4096K), 4 survivors (4096K)
 Metaspace       used 35187K, committed 35968K, reserved 1114112K
  class space    used 4873K, committed 5248K, reserved 1048576K
}
Event: 11.497 GC heap before
{Heap before GC invocations=10 (full 0):
 garbage-first heap   total 65536K, used 55201K [0x0000000080000000, 0x0000000100000000)
  region size 1024K, 34 young (34816K), 4 survivors (4096K)
 Metaspace       used 41272K, committed 42240K, reserved 1114112K
  class space    used 5736K, committed 6208K, reserved 1048576K
}
Event: 11.514 GC heap after
{Heap after GC invocations=11 (full 0):
 garbage-first heap   total 65536K, used 28432K [0x0000000080000000, 0x0000000100000000)
  region size 1024K, 5 young (5120K), 5 survivors (5120K)
 Metaspace       used 41272K, committed 42240K, reserved 1114112K
  class space    used 5736K, committed 6208K, reserved 1048576K
}
Event: 12.127 GC heap before
{Heap before GC invocations=11 (full 0):
 garbage-first heap   total 65536K, used 54032K [0x0000000080000000, 0x0000000100000000)
  region size 1024K, 31 young (31744K), 5 survivors (5120K)
 Metaspace       used 44008K, committed 44864K, reserved 1114112K
  class space    used 6017K, committed 6400K, reserved 1048576K
}
Event: 12.142 GC heap after
{Heap after GC invocations=12 (full 0):
 garbage-first heap   total 78848K, used 31578K [0x0000000080000000, 0x0000000100000000)
  region size 1024K, 4 young (4096K), 4 survivors (4096K)
 Metaspace       used 44008K, committed 44864K, reserved 1114112K
  class space    used 6017K, committed 6400K, reserved 1048576K
}
Event: 13.656 GC heap before
{Heap before GC invocations=12 (full 0):
 garbage-first heap   total 78848K, used 72538K [0x0000000080000000, 0x0000000100000000)
  region size 1024K, 40 young (40960K), 4 survivors (4096K)
 Metaspace       used 48086K, committed 49152K, reserved 1114112K
  class space    used 6538K, committed 7040K, reserved 1048576K
}
Event: 13.668 GC heap after
{Heap after GC invocations=13 (full 0):
 garbage-first heap   total 80896K, used 33659K [0x0000000080000000, 0x0000000100000000)
  region size 1024K, 4 young (4096K), 4 survivors (4096K)
 Metaspace       used 48086K, committed 49152K, reserved 1114112K
  class space    used 6538K, committed 7040K, reserved 1048576K
}
Event: 14.490 GC heap before
{Heap before GC invocations=13 (full 0):
 garbage-first heap   total 80896K, used 69499K [0x0000000080000000, 0x0000000100000000)
  region size 1024K, 39 young (39936K), 4 survivors (4096K)
 Metaspace       used 52517K, committed 53952K, reserved 1114112K
  class space    used 7288K, committed 8000K, reserved 1048576K
}
Event: 14.503 GC heap after
{Heap after GC invocations=14 (full 0):
 garbage-first heap   total 80896K, used 35679K [0x0000000080000000, 0x0000000100000000)
  region size 1024K, 2 young (2048K), 2 survivors (2048K)
 Metaspace       used 52517K, committed 53952K, reserved 1114112K
  class space    used 7288K, committed 8000K, reserved 1048576K
}
Event: 16.218 GC heap before
{Heap before GC invocations=14 (full 0):
 garbage-first heap   total 80896K, used 73567K [0x0000000080000000, 0x0000000100000000)
  region size 1024K, 37 young (37888K), 2 survivors (2048K)
 Metaspace       used 56040K, committed 57536K, reserved 1114112K
  class space    used 7862K, committed 8576K, reserved 1048576K
}
Event: 16.231 GC heap after
{Heap after GC invocations=15 (full 0):
 garbage-first heap   total 80896K, used 42691K [0x0000000080000000, 0x0000000100000000)
  region size 1024K, 5 young (5120K), 5 survivors (5120K)
 Metaspace       used 56040K, committed 57536K, reserved 1114112K
  class space    used 7862K, committed 8576K, reserved 1048576K
}
Event: 16.462 GC heap before
{Heap before GC invocations=15 (full 0):
 garbage-first heap   total 80896K, used 50883K [0x0000000080000000, 0x0000000100000000)
  region size 1024K, 14 young (14336K), 5 survivors (5120K)
 Metaspace       used 56960K, committed 58432K, reserved 1114112K
  class space    used 7997K, committed 8704K, reserved 1048576K
}
Event: 16.473 GC heap after
{Heap after GC invocations=16 (full 0):
 garbage-first heap   total 80896K, used 44839K [0x0000000080000000, 0x0000000100000000)
  region size 1024K, 2 young (2048K), 2 survivors (2048K)
 Metaspace       used 56960K, committed 58432K, reserved 1114112K
  class space    used 7997K, committed 8704K, reserved 1048576K
}
Event: 16.681 GC heap before
{Heap before GC invocations=17 (full 0):
 garbage-first heap   total 80896K, used 71463K [0x0000000080000000, 0x0000000100000000)
  region size 1024K, 26 young (26624K), 2 survivors (2048K)
 Metaspace       used 57976K, committed 59456K, reserved 1114112K
  class space    used 8038K, committed 8768K, reserved 1048576K
}
Event: 16.684 GC heap after
{Heap after GC invocations=18 (full 0):
 garbage-first heap   total 80896K, used 44030K [0x0000000080000000, 0x0000000100000000)
  region size 1024K, 1 young (1024K), 1 survivors (1024K)
 Metaspace       used 57976K, committed 59456K, reserved 1114112K
  class space    used 8038K, committed 8768K, reserved 1048576K
}
Event: 17.319 GC heap before
{Heap before GC invocations=18 (full 0):
 garbage-first heap   total 80896K, used 69630K [0x0000000080000000, 0x0000000100000000)
  region size 1024K, 27 young (27648K), 1 survivors (1024K)
 Metaspace       used 61243K, committed 62784K, reserved 1114112K
  class space    used 8541K, committed 9280K, reserved 1048576K
}
Event: 17.328 GC heap after
{Heap after GC invocations=19 (full 0):
 garbage-first heap   total 80896K, used 45312K [0x0000000080000000, 0x0000000100000000)
  region size 1024K, 3 young (3072K), 3 survivors (3072K)
 Metaspace       used 61243K, committed 62784K, reserved 1114112K
  class space    used 8541K, committed 9280K, reserved 1048576K
}

Dll operation events (3 events):
Event: 0.056 Loaded shared library C:\Program Files\Android\Android Studio\jbr\bin\java.dll
Event: 0.090 Loaded shared library C:\Program Files\Android\Android Studio\jbr\bin\zip.dll
Event: 1.831 Loaded shared library C:\Program Files\Android\Android Studio\jbr\bin\verify.dll

Deoptimization events (20 events):
Event: 17.084 Thread 0x00000212e412e970 Uncommon trap: trap_request=0xffffff45 fr.pc=0x00000212d1e701f0 relative=0x00000000000007d0
Event: 17.084 Thread 0x00000212e412e970 Uncommon trap: reason=unstable_if action=reinterpret pc=0x00000212d1e701f0 method=java.util.jar.JarFile.getEntry(Ljava/lang/String;)Ljava/util/zip/ZipEntry; @ 15 c2
Event: 17.084 Thread 0x00000212e412e970 DEOPT PACKING pc=0x00000212d1e701f0 sp=0x00000094d62f8230
Event: 17.085 Thread 0x00000212e412e970 DEOPT UNPACKING pc=0x00000212d18946a2 sp=0x00000094d62f81c0 mode 2
Event: 17.235 Thread 0x00000212e412e970 Uncommon trap: trap_request=0xffffffbe fr.pc=0x00000212d2091000 relative=0x00000000000002a0
Event: 17.235 Thread 0x00000212e412e970 Uncommon trap: reason=profile_predicate action=maybe_recompile pc=0x00000212d2091000 method=sun.instrument.TransformerManager.transform(Ljava/lang/Module;Ljava/lang/ClassLoader;Ljava/lang/String;Ljava/lang/Class;Ljava/security/ProtectionDomain;[B)[B @ 21 
Event: 17.235 Thread 0x00000212e412e970 DEOPT PACKING pc=0x00000212d2091000 sp=0x00000094d62f60d0
Event: 17.235 Thread 0x00000212e412e970 DEOPT UNPACKING pc=0x00000212d18946a2 sp=0x00000094d62f6050 mode 2
Event: 17.236 Thread 0x00000212e412e970 Uncommon trap: trap_request=0xffffffbe fr.pc=0x00000212d2091000 relative=0x00000000000002a0
Event: 17.236 Thread 0x00000212e412e970 Uncommon trap: reason=profile_predicate action=maybe_recompile pc=0x00000212d2091000 method=sun.instrument.TransformerManager.transform(Ljava/lang/Module;Ljava/lang/ClassLoader;Ljava/lang/String;Ljava/lang/Class;Ljava/security/ProtectionDomain;[B)[B @ 21 
Event: 17.236 Thread 0x00000212e412e970 DEOPT PACKING pc=0x00000212d2091000 sp=0x00000094d62f5770
Event: 17.236 Thread 0x00000212e412e970 DEOPT UNPACKING pc=0x00000212d18946a2 sp=0x00000094d62f56f0 mode 2
Event: 17.237 Thread 0x00000212e412e970 Uncommon trap: trap_request=0xffffffbe fr.pc=0x00000212d2091000 relative=0x00000000000002a0
Event: 17.237 Thread 0x00000212e412e970 Uncommon trap: reason=profile_predicate action=maybe_recompile pc=0x00000212d2091000 method=sun.instrument.TransformerManager.transform(Ljava/lang/Module;Ljava/lang/ClassLoader;Ljava/lang/String;Ljava/lang/Class;Ljava/security/ProtectionDomain;[B)[B @ 21 
Event: 17.237 Thread 0x00000212e412e970 DEOPT PACKING pc=0x00000212d2091000 sp=0x00000094d62f5390
Event: 17.237 Thread 0x00000212e412e970 DEOPT UNPACKING pc=0x00000212d18946a2 sp=0x00000094d62f5310 mode 2
Event: 17.238 Thread 0x00000212e412e970 Uncommon trap: trap_request=0xffffffbe fr.pc=0x00000212d2091000 relative=0x00000000000002a0
Event: 17.238 Thread 0x00000212e412e970 Uncommon trap: reason=profile_predicate action=maybe_recompile pc=0x00000212d2091000 method=sun.instrument.TransformerManager.transform(Ljava/lang/Module;Ljava/lang/ClassLoader;Ljava/lang/String;Ljava/lang/Class;Ljava/security/ProtectionDomain;[B)[B @ 21 
Event: 17.238 Thread 0x00000212e412e970 DEOPT PACKING pc=0x00000212d2091000 sp=0x00000094d62f5700
Event: 17.238 Thread 0x00000212e412e970 DEOPT UNPACKING pc=0x00000212d18946a2 sp=0x00000094d62f5680 mode 2

Classes loaded (20 events):
Event: 15.943 Loading class sun/misc/SharedSecrets
Event: 15.943 Loading class sun/misc/SharedSecrets done
Event: 16.133 Loading class java/util/AbstractList$ListItr
Event: 16.133 Loading class java/util/AbstractList$ListItr done
Event: 16.360 Loading class java/util/BitSet$1BitSetSpliterator
Event: 16.361 Loading class java/util/BitSet$1BitSetSpliterator done
Event: 16.379 Loading class sun/nio/fs/WindowsException
Event: 16.379 Loading class sun/nio/fs/WindowsException done
Event: 16.380 Loading class com/jetbrains/internal/IoToNioErrorMessageHolder
Event: 16.381 Loading class com/jetbrains/internal/IoToNioErrorMessageHolder done
Event: 16.398 Loading class java/util/Collections$SynchronizedRandomAccessList
Event: 16.399 Loading class java/util/Collections$SynchronizedList
Event: 16.399 Loading class java/util/Collections$SynchronizedList done
Event: 16.399 Loading class java/util/Collections$SynchronizedRandomAccessList done
Event: 16.852 Loading class java/util/concurrent/atomic/AtomicReferenceFieldUpdater
Event: 16.853 Loading class java/util/concurrent/atomic/AtomicReferenceFieldUpdater done
Event: 16.853 Loading class java/util/concurrent/atomic/AtomicReferenceFieldUpdater$AtomicReferenceFieldUpdaterImpl
Event: 16.853 Loading class java/util/concurrent/atomic/AtomicReferenceFieldUpdater$AtomicReferenceFieldUpdaterImpl done
Event: 16.854 Loading class java/util/concurrent/atomic/AtomicReferenceFieldUpdater$AtomicReferenceFieldUpdaterImpl$1
Event: 16.854 Loading class java/util/concurrent/atomic/AtomicReferenceFieldUpdater$AtomicReferenceFieldUpdaterImpl$1 done

Classes unloaded (0 events):
No events

Classes redefined (0 events):
No events

Internal exceptions (20 events):
Event: 16.277 Thread 0x00000212e412e970 Exception <a 'java/lang/ClassNotFoundException'{0x0000000084d9da10}: addGradleAndroidTestListener1_7oodzdtqvpke6niwxn7ua6901BeanInfo> (0x0000000084d9da10) 
thrown [s\src\hotspot\share\classfile\systemDictionary.cpp, line 312]
Event: 16.278 Thread 0x00000212e412e970 Exception <a 'java/lang/ClassNotFoundException'{0x0000000084c03c90}: addGradleAndroidTestListener1_7oodzdtqvpke6niwxn7ua6901Customizer> (0x0000000084c03c90) 
thrown [s\src\hotspot\share\classfile\systemDictionary.cpp, line 312]
Event: 16.298 Thread 0x00000212e412e970 Exception <a 'java/lang/ClassNotFoundException'{0x0000000084c9e2b0}: SetupUtpTestResultListenerActionBeanInfo> (0x0000000084c9e2b0) 
thrown [s\src\hotspot\share\classfile\systemDictionary.cpp, line 312]
Event: 16.299 Thread 0x00000212e412e970 Exception <a 'java/lang/ClassNotFoundException'{0x0000000084ca4b00}: SetupUtpTestResultListenerActionCustomizer> (0x0000000084ca4b00) 
thrown [s\src\hotspot\share\classfile\systemDictionary.cpp, line 312]
Event: 16.313 Thread 0x00000212e412e970 Exception <a 'java/lang/ClassNotFoundException'{0x0000000084b1e7f8}: org/gradle/execution/taskgraph/DefaultTaskExecutionGraphBeanInfo> (0x0000000084b1e7f8) 
thrown [s\src\hotspot\share\classfile\systemDictionary.cpp, line 312]
Event: 16.314 Thread 0x00000212e412e970 Exception <a 'java/lang/ClassNotFoundException'{0x0000000084b2c538}: org/gradle/execution/taskgraph/DefaultTaskExecutionGraphCustomizer> (0x0000000084b2c538) 
thrown [s\src\hotspot\share\classfile\systemDictionary.cpp, line 312]
Event: 16.368 Thread 0x00000212e412e970 Exception <a 'java/lang/IncompatibleClassChangeError'{0x0000000084aeb890}: Found class java.lang.Object, but interface was expected> (0x0000000084aeb890) 
thrown [s\src\hotspot\share\interpreter\linkResolver.cpp, line 851]
Event: 16.379 Thread 0x00000212e412e970 Exception <a 'sun/nio/fs/WindowsException'{0x00000000849174e0}> (0x00000000849174e0) 
thrown [s\src\hotspot\share\prims\jni.cpp, line 537]
Event: 16.382 Thread 0x00000212e412e970 Exception <a 'sun/nio/fs/WindowsException'{0x0000000084919198}> (0x0000000084919198) 
thrown [s\src\hotspot\share\prims\jni.cpp, line 537]
Event: 16.382 Thread 0x00000212e412e970 Exception <a 'sun/nio/fs/WindowsException'{0x000000008491a6c8}> (0x000000008491a6c8) 
thrown [s\src\hotspot\share\prims\jni.cpp, line 537]
Event: 16.383 Thread 0x00000212e412e970 Exception <a 'sun/nio/fs/WindowsException'{0x000000008491bc08}> (0x000000008491bc08) 
thrown [s\src\hotspot\share\prims\jni.cpp, line 537]
Event: 16.386 Thread 0x00000212e412e970 Exception <a 'java/lang/NoSuchMethodError'{0x000000008492ff28}: 'java.lang.Object java.lang.invoke.Invokers$Holder.invoker(java.lang.Object, java.lang.Object, java.lang.Object, java.lang.Object, java.lang.Object, java.lang.Object)'> (0x000000008492ff28) 
thrown [s\src\hotspot\share\interpreter\linkResolver.cpp, line 784]
Event: 16.415 Thread 0x00000212e412e970 Exception <a 'java/lang/NoSuchMethodError'{0x0000000084833728}: 'java.lang.Object java.lang.invoke.DirectMethodHandle$Holder.invokeSpecial(java.lang.Object, java.lang.Object, java.lang.Object, java.lang.Object, java.lang.Object, java.lang.Object, java.lang.Object, java.lang.Object, java.lang.Object, java.lang.Object, java.lang.Object, java.lang.Object, java.lang.Object, java.lang.Object, java.lang.Object, java.lang.Object, java.lang.Object, java.lang.Object, java.lang.Object, java.lang.Object, java.lang.Ob
Event: 16.415 Thread 0x00000212e412e970 Exception <a 'java/lang/NoSuchMethodError'{0x0000000084839790}: 'java.lang.Object java.lang.invoke.DelegatingMethodHandle$Holder.reinvoke_L(java.lang.Object, java.lang.Object, java.lang.Object, java.lang.Object, java.lang.Object, java.lang.Object, java.lang.Object, java.lang.Object, java.lang.Object, java.lang.Object, java.lang.Object, java.lang.Object, java.lang.Object, java.lang.Object, java.lang.Object, java.lang.Object, java.lang.Object, java.lang.Object, java.lang.Object, java.lang.Object, java.lang.O
Event: 16.415 Thread 0x00000212e412e970 Exception <a 'java/lang/NoSuchMethodError'{0x0000000084844898}: 'java.lang.Object java.lang.invoke.Invokers$Holder.invoker(java.lang.Object, java.lang.Object, java.lang.Object, java.lang.Object, java.lang.Object, java.lang.Object, java.lang.Object, java.lang.Object, java.lang.Object, java.lang.Object, java.lang.Object, java.lang.Object, java.lang.Object, java.lang.Object, java.lang.Object, java.lang.Object, java.lang.Object, java.lang.Object, java.lang.Object, java.lang.Object, java.lang.Object, java.lang.
Event: 16.416 Thread 0x00000212e412e970 Exception <a 'java/lang/NoSuchMethodError'{0x000000008484b1b0}: 'java.lang.Object java.lang.invoke.DelegatingMethodHandle$Holder.delegate(java.lang.Object, java.lang.Object, java.lang.Object, java.lang.Object, java.lang.Object, java.lang.Object, java.lang.Object, java.lang.Object, java.lang.Object, java.lang.Object, java.lang.Object, java.lang.Object, java.lang.Object, java.lang.Object, java.lang.Object, java.lang.Object, java.lang.Object, java.lang.Object, java.lang.Object, java.lang.Object, java.lang.Obj
Event: 16.938 Thread 0x00000212e412e970 Exception <a 'java/lang/NoSuchMethodError'{0x000000008459ebd8}: 'java.lang.Object java.lang.invoke.DirectMethodHandle$Holder.newInvokeSpecial(java.lang.Object, java.lang.Object, java.lang.Object, java.lang.Object, java.lang.Object, java.lang.Object, java.lang.Object, java.lang.Object, java.lang.Object, java.lang.Object, java.lang.Object, java.lang.Object, java.lang.Object, java.lang.Object, java.lang.Object, java.lang.Object, java.lang.Object, java.lang.Object, java.lang.Object)'> (0x000000008459ebd8) 
thr
Event: 16.939 Thread 0x00000212e412e970 Exception <a 'java/lang/NoSuchMethodError'{0x00000000845a5560}: 'java.lang.Object java.lang.invoke.DirectMethodHandle$Holder.invokeSpecial(java.lang.Object, java.lang.Object, java.lang.Object, java.lang.Object, java.lang.Object, java.lang.Object, java.lang.Object, java.lang.Object, java.lang.Object, java.lang.Object, java.lang.Object, java.lang.Object, java.lang.Object, java.lang.Object, java.lang.Object, java.lang.Object, java.lang.Object, java.lang.Object, java.lang.Object, java.lang.Object)'> (0x0000000
Event: 16.939 Thread 0x00000212e412e970 Exception <a 'java/lang/NoSuchMethodError'{0x00000000845aadb0}: 'java.lang.Object java.lang.invoke.DelegatingMethodHandle$Holder.reinvoke_L(java.lang.Object, java.lang.Object, java.lang.Object, java.lang.Object, java.lang.Object, java.lang.Object, java.lang.Object, java.lang.Object, java.lang.Object, java.lang.Object, java.lang.Object, java.lang.Object, java.lang.Object, java.lang.Object, java.lang.Object, java.lang.Object, java.lang.Object, java.lang.Object, java.lang.Object)'> (0x00000000845aadb0) 
throw
Event: 16.957 Thread 0x00000212e412e970 Exception <a 'java/lang/IncompatibleClassChangeError'{0x0000000084475e20}: Found class java.lang.Object, but interface was expected> (0x0000000084475e20) 
thrown [s\src\hotspot\share\interpreter\linkResolver.cpp, line 851]

ZGC Phase Switch (0 events):
No events

VM Operations (20 events):
Event: 15.208 Executing VM operation: HandshakeAllThreads (Deoptimize)
Event: 15.208 Executing VM operation: HandshakeAllThreads (Deoptimize) done
Event: 15.809 Executing VM operation: ICBufferFull
Event: 15.809 Executing VM operation: ICBufferFull done
Event: 16.134 Executing VM operation: HandshakeAllThreads (Deoptimize)
Event: 16.134 Executing VM operation: HandshakeAllThreads (Deoptimize) done
Event: 16.217 Executing VM operation: G1CollectForAllocation (G1 Evacuation Pause)
Event: 16.231 Executing VM operation: G1CollectForAllocation (G1 Evacuation Pause) done
Event: 16.380 Executing VM operation: HandshakeAllThreads (Deoptimize)
Event: 16.380 Executing VM operation: HandshakeAllThreads (Deoptimize) done
Event: 16.462 Executing VM operation: G1TryInitiateConcMark (G1 Humongous Allocation)
Event: 16.473 Executing VM operation: G1TryInitiateConcMark (G1 Humongous Allocation) done
Event: 16.588 Executing VM operation: G1PauseRemark
Event: 16.593 Executing VM operation: G1PauseRemark done
Event: 16.641 Executing VM operation: G1PauseCleanup
Event: 16.641 Executing VM operation: G1PauseCleanup done
Event: 16.681 Executing VM operation: G1CollectForAllocation (G1 Evacuation Pause)
Event: 16.684 Executing VM operation: G1CollectForAllocation (G1 Evacuation Pause) done
Event: 17.319 Executing VM operation: G1CollectForAllocation (G1 Evacuation Pause)
Event: 17.328 Executing VM operation: G1CollectForAllocation (G1 Evacuation Pause) done

Memory protections (0 events):
No events

Nmethod flushes (20 events):
Event: 16.592 Thread 0x00000212ddff2d50 flushing  nmethod 0x00000212ca4edf90
Event: 16.592 Thread 0x00000212ddff2d50 flushing  nmethod 0x00000212ca507290
Event: 16.592 Thread 0x00000212ddff2d50 flushing  nmethod 0x00000212ca547890
Event: 16.592 Thread 0x00000212ddff2d50 flushing  nmethod 0x00000212ca630f90
Event: 16.592 Thread 0x00000212ddff2d50 flushing  nmethod 0x00000212ca64ef90
Event: 16.592 Thread 0x00000212ddff2d50 flushing  nmethod 0x00000212ca653210
Event: 16.592 Thread 0x00000212ddff2d50 flushing  nmethod 0x00000212ca654590
Event: 16.592 Thread 0x00000212ddff2d50 flushing  nmethod 0x00000212ca655190
Event: 16.592 Thread 0x00000212ddff2d50 flushing  nmethod 0x00000212ca656310
Event: 16.592 Thread 0x00000212ddff2d50 flushing  nmethod 0x00000212ca657090
Event: 16.592 Thread 0x00000212ddff2d50 flushing  nmethod 0x00000212ca69de90
Event: 16.592 Thread 0x00000212ddff2d50 flushing  nmethod 0x00000212ca69f710
Event: 16.592 Thread 0x00000212ddff2d50 flushing  nmethod 0x00000212ca69fe10
Event: 16.592 Thread 0x00000212ddff2d50 flushing  nmethod 0x00000212ca6c9110
Event: 16.592 Thread 0x00000212ddff2d50 flushing  nmethod 0x00000212ca6ca490
Event: 16.592 Thread 0x00000212ddff2d50 flushing  nmethod 0x00000212ca6caa10
Event: 16.592 Thread 0x00000212ddff2d50 flushing  nmethod 0x00000212ca7d2210
Event: 16.592 Thread 0x00000212ddff2d50 flushing  nmethod 0x00000212ca835f90
Event: 16.592 Thread 0x00000212ddff2d50 flushing  nmethod 0x00000212ca911190
Event: 16.592 Thread 0x00000212ddff2d50 flushing  nmethod 0x00000212ca912310

Events (20 events):
Event: 8.083 Thread 0x00000212e412e970 Thread added: 0x00000212e412e2e0
Event: 9.973 Thread 0x00000212e412e970 Thread added: 0x00000212e412a7d0
Event: 10.064 Thread 0x00000212e412e970 Thread added: 0x00000212e41303b0
Event: 10.859 Thread 0x00000212e412e970 Thread added: 0x00000212e412c210
Event: 10.945 Thread 0x00000212e412e970 Thread added: 0x00000212e4130a40
Event: 12.346 Thread 0x00000212e412e970 Thread added: 0x00000212e412d5c0
Event: 12.397 Thread 0x00000212e412e970 Thread added: 0x00000212e41310d0
Event: 12.883 Thread 0x00000212e412e970 Thread added: 0x00000212e412dc50
Event: 13.783 Thread 0x00000212e412e970 Thread added: 0x00000212e586f6e0
Event: 13.910 Thread 0x00000212e412e970 Thread added: 0x00000212e586fd70
Event: 15.298 Thread 0x00000212e412e970 Thread added: 0x00000212e5870400
Event: 15.303 Thread 0x00000212e412e970 Thread added: 0x00000212e586f050
Event: 15.306 Thread 0x00000212e412e970 Thread added: 0x00000212e5874c30
Event: 15.451 Thread 0x00000212e412e970 Thread added: 0x00000212e5875950
Event: 15.452 Thread 0x00000212e412e970 Thread added: 0x00000212e5872b60
Event: 15.454 Thread 0x00000212e412e970 Thread added: 0x00000212e5875fe0
Event: 15.867 Thread 0x00000212e412e970 Thread added: 0x00000212e58752c0
Event: 16.110 Thread 0x00000212e412e970 Thread added: 0x00000212e5870a90
Event: 16.113 Thread 0x00000212e412e970 Thread added: 0x00000212e5871e40
Event: 16.114 Thread 0x00000212e412e970 Thread added: 0x00000212e58724d0


Dynamic libraries:
0x00007ff619f10000 - 0x00007ff619f1a000 	C:\Program Files\Android\Android Studio\jbr\bin\java.exe
0x00007ffca8830000 - 0x00007ffca8a28000 	C:\WINDOWS\SYSTEM32\ntdll.dll
0x00007ffca8190000 - 0x00007ffca8252000 	C:\WINDOWS\System32\KERNEL32.DLL
0x00007ffca62d0000 - 0x00007ffca65c6000 	C:\WINDOWS\System32\KERNELBASE.dll
0x00007ffca0a70000 - 0x00007ffca0a8b000 	C:\Program Files\Android\Android Studio\jbr\bin\VCRUNTIME140.dll
0x00007ffca6720000 - 0x00007ffca6820000 	C:\WINDOWS\System32\ucrtbase.dll
0x00007ffc90460000 - 0x00007ffc90478000 	C:\Program Files\Android\Android Studio\jbr\bin\jli.dll
0x00007ffca7020000 - 0x00007ffca71c1000 	C:\WINDOWS\System32\USER32.dll
0x00007ffca6820000 - 0x00007ffca6842000 	C:\WINDOWS\System32\win32u.dll
0x00007ffca6d10000 - 0x00007ffca6d3b000 	C:\WINDOWS\System32\GDI32.dll
0x00007ffca6600000 - 0x00007ffca6719000 	C:\WINDOWS\System32\gdi32full.dll
0x00007ffca61e0000 - 0x00007ffca627d000 	C:\WINDOWS\System32\msvcp_win.dll
0x00007ffc90990000 - 0x00007ffc90c2b000 	C:\WINDOWS\WinSxS\amd64_microsoft.windows.common-controls_6595b64144ccf1df_6.0.19041.6456_none_60b8a6cb71f64256\COMCTL32.dll
0x00007ffca6bc0000 - 0x00007ffca6c5e000 	C:\WINDOWS\System32\msvcrt.dll
0x00007ffca7990000 - 0x00007ffca79bf000 	C:\WINDOWS\System32\IMM32.DLL
0x00007ffca09f0000 - 0x00007ffca09fc000 	C:\Program Files\Android\Android Studio\jbr\bin\vcruntime140_1.dll
0x00007ffc75980000 - 0x00007ffc75a0d000 	C:\Program Files\Android\Android Studio\jbr\bin\msvcp140.dll
0x00007ffc500f0000 - 0x00007ffc50d86000 	C:\Program Files\Android\Android Studio\jbr\bin\server\jvm.dll
0x00007ffca8260000 - 0x00007ffca8311000 	C:\WINDOWS\System32\ADVAPI32.dll
0x00007ffca6990000 - 0x00007ffca6a2f000 	C:\WINDOWS\System32\sechost.dll
0x00007ffca6e70000 - 0x00007ffca6f90000 	C:\WINDOWS\System32\RPCRT4.dll
0x00007ffca65d0000 - 0x00007ffca65f7000 	C:\WINDOWS\System32\bcrypt.dll
0x00007ffca8780000 - 0x00007ffca87eb000 	C:\WINDOWS\System32\WS2_32.dll
0x00007ffca5450000 - 0x00007ffca549b000 	C:\WINDOWS\SYSTEM32\POWRPROF.dll
0x00007ffc92da0000 - 0x00007ffc92dc7000 	C:\WINDOWS\SYSTEM32\WINMM.dll
0x00007ffca3090000 - 0x00007ffca309a000 	C:\WINDOWS\SYSTEM32\VERSION.dll
0x00007ffca52c0000 - 0x00007ffca52d2000 	C:\WINDOWS\SYSTEM32\UMPDC.dll
0x00007ffca3d30000 - 0x00007ffca3d42000 	C:\WINDOWS\SYSTEM32\kernel.appcore.dll
0x00007ffc9b1e0000 - 0x00007ffc9b1ea000 	C:\Program Files\Android\Android Studio\jbr\bin\jimage.dll
0x00007ffc92ad0000 - 0x00007ffc92cd1000 	C:\WINDOWS\SYSTEM32\DBGHELP.DLL
0x00007ffc837f0000 - 0x00007ffc83824000 	C:\WINDOWS\SYSTEM32\dbgcore.DLL
0x00007ffca5ec0000 - 0x00007ffca5f42000 	C:\WINDOWS\System32\bcryptPrimitives.dll
0x00007ffca2a20000 - 0x00007ffca2a2e000 	C:\Program Files\Android\Android Studio\jbr\bin\instrument.dll
0x00007ffc91130000 - 0x00007ffc91150000 	C:\Program Files\Android\Android Studio\jbr\bin\java.dll
0x00007ffc91110000 - 0x00007ffc91128000 	C:\Program Files\Android\Android Studio\jbr\bin\zip.dll
0x00007ffca79c0000 - 0x00007ffca8130000 	C:\WINDOWS\System32\SHELL32.dll
0x00007ffca3f30000 - 0x00007ffca46d5000 	C:\WINDOWS\SYSTEM32\windows.storage.dll
0x00007ffca8320000 - 0x00007ffca8674000 	C:\WINDOWS\System32\combase.dll
0x00007ffca58f0000 - 0x00007ffca591b000 	C:\WINDOWS\SYSTEM32\Wldp.dll
0x00007ffca6da0000 - 0x00007ffca6e6d000 	C:\WINDOWS\System32\OLEAUT32.dll
0x00007ffca6c60000 - 0x00007ffca6d0d000 	C:\WINDOWS\System32\SHCORE.dll
0x00007ffca6d40000 - 0x00007ffca6d9b000 	C:\WINDOWS\System32\shlwapi.dll
0x00007ffca5df0000 - 0x00007ffca5e14000 	C:\WINDOWS\SYSTEM32\profapi.dll
0x00007ffc9b1d0000 - 0x00007ffc9b1e0000 	C:\Program Files\Android\Android Studio\jbr\bin\net.dll
0x00007ffc94fb0000 - 0x00007ffc950ba000 	C:\WINDOWS\SYSTEM32\WINHTTP.dll
0x00007ffca5650000 - 0x00007ffca56ba000 	C:\WINDOWS\system32\mswsock.dll
0x00007ffc90290000 - 0x00007ffc902a6000 	C:\Program Files\Android\Android Studio\jbr\bin\nio.dll
0x00007ffc91d80000 - 0x00007ffc91d90000 	C:\Program Files\Android\Android Studio\jbr\bin\verify.dll
0x00007ffc7c480000 - 0x00007ffc7c4a7000 	C:\Users\arman\.gradle\native\1def1411415f61bf3af743bc5b6707747c0891f09f0c88961ee8f79bc544acac\windows-amd64\native-platform.dll
0x00007ffc7b730000 - 0x00007ffc7b7a8000 	C:\Users\arman\.gradle\native\0.2.7\x86_64-windows-gnu\gradle-fileevents.dll
0x00007ffc99380000 - 0x00007ffc99389000 	C:\Program Files\Android\Android Studio\jbr\bin\management.dll
0x00007ffc951d0000 - 0x00007ffc951db000 	C:\Program Files\Android\Android Studio\jbr\bin\management_ext.dll
0x00007ffca6980000 - 0x00007ffca6988000 	C:\WINDOWS\System32\PSAPI.DLL
0x00007ffca52e0000 - 0x00007ffca531b000 	C:\WINDOWS\SYSTEM32\IPHLPAPI.DLL
0x00007ffca6a30000 - 0x00007ffca6a38000 	C:\WINDOWS\System32\NSI.dll
0x00007ffc9a0f0000 - 0x00007ffc9a0f9000 	C:\Program Files\Android\Android Studio\jbr\bin\extnet.dll
0x00007ffca5840000 - 0x00007ffca5858000 	C:\WINDOWS\SYSTEM32\CRYPTSP.dll
0x00007ffca4f00000 - 0x00007ffca4f38000 	C:\WINDOWS\system32\rsaenh.dll
0x00007ffca5d70000 - 0x00007ffca5d9e000 	C:\WINDOWS\SYSTEM32\USERENV.dll
0x00007ffca5860000 - 0x00007ffca586c000 	C:\WINDOWS\SYSTEM32\CRYPTBASE.dll
0x00007ffc9b0a0000 - 0x00007ffc9b0a7000 	C:\WINDOWS\system32\wshunix.dll

JVMTI agents:
C:\Users\arman\.gradle\wrapper\dists\gradle-8.13-bin\5xuhj0ry160q40clulazy9h7d\gradle-8.13\lib\agents\gradle-instrumentation-agent-8.13.jar path:C:\Program Files\Android\Android Studio\jbr\bin\instrument.dll, loaded, initialized, instrumentlib options:none

dbghelp: loaded successfully - version: 4.0.5 - missing functions: none
symbol engine: initialized successfully - sym options: 0x614 - pdb path: .;C:\Program Files\Android\Android Studio\jbr\bin;C:\WINDOWS\SYSTEM32;C:\WINDOWS\WinSxS\amd64_microsoft.windows.common-controls_6595b64144ccf1df_6.0.19041.6456_none_60b8a6cb71f64256;C:\Program Files\Android\Android Studio\jbr\bin\server;C:\Users\arman\.gradle\native\1def1411415f61bf3af743bc5b6707747c0891f09f0c88961ee8f79bc544acac\windows-amd64;C:\Users\arman\.gradle\native\0.2.7\x86_64-windows-gnu

VM Arguments:
jvm_args: --add-opens=java.base/java.lang=ALL-UNNAMED --add-opens=java.base/java.lang.invoke=ALL-UNNAMED --add-opens=java.base/java.util=ALL-UNNAMED --add-opens=java.prefs/java.util.prefs=ALL-UNNAMED --add-exports=jdk.compiler/com.sun.tools.javac.api=ALL-UNNAMED --add-exports=jdk.compiler/com.sun.tools.javac.util=ALL-UNNAMED --add-opens=java.base/java.util=ALL-UNNAMED --add-opens=java.prefs/java.util.prefs=ALL-UNNAMED --add-opens=java.base/java.nio.charset=ALL-UNNAMED --add-opens=java.base/java.net=ALL-UNNAMED --add-opens=java.base/java.util.concurrent.atomic=ALL-UNNAMED --add-opens=java.xml/javax.xml.namespace=ALL-UNNAMED -Xmx2048m -Dfile.encoding=UTF-8 -Duser.country=RU -Duser.language=ru -Duser.variant -javaagent:C:\Users\arman\.gradle\wrapper\dists\gradle-8.13-bin\5xuhj0ry160q40clulazy9h7d\gradle-8.13\lib\agents\gradle-instrumentation-agent-8.13.jar 
java_command: org.gradle.launcher.daemon.bootstrap.GradleDaemon 8.13
java_class_path (initial): C:\Users\arman\.gradle\wrapper\dists\gradle-8.13-bin\5xuhj0ry160q40clulazy9h7d\gradle-8.13\lib\gradle-daemon-main-8.13.jar
Launcher Type: SUN_STANDARD

[Global flags]
     intx CICompilerCount                          = 3                                         {product} {ergonomic}
     uint ConcGCThreads                            = 1                                         {product} {ergonomic}
     uint G1ConcRefinementThreads                  = 4                                         {product} {ergonomic}
   size_t G1HeapRegionSize                         = 1048576                                   {product} {ergonomic}
    uintx GCDrainStackTargetSize                   = 64                                        {product} {ergonomic}
   size_t InitialHeapSize                          = 67108864                                  {product} {ergonomic}
   size_t MarkStackSize                            = 4194304                                   {product} {ergonomic}
   size_t MaxHeapSize                              = 2147483648                                {product} {command line}
   size_t MaxNewSize                               = 1287651328                                {product} {ergonomic}
   size_t MinHeapDeltaBytes                        = 1048576                                   {product} {ergonomic}
   size_t MinHeapSize                              = 8388608                                   {product} {ergonomic}
    uintx NonNMethodCodeHeapSize                   = 5832780                                {pd product} {ergonomic}
    uintx NonProfiledCodeHeapSize                  = 122912730                              {pd product} {ergonomic}
    uintx ProfiledCodeHeapSize                     = 122912730                              {pd product} {ergonomic}
    uintx ReservedCodeCacheSize                    = 251658240                              {pd product} {ergonomic}
     bool SegmentedCodeCache                       = true                                      {product} {ergonomic}
   size_t SoftMaxHeapSize                          = 2147483648                             {manageable} {ergonomic}
     bool UseCompressedOops                        = true                           {product lp64_product} {ergonomic}
     bool UseG1GC                                  = true                                      {product} {ergonomic}
     bool UseLargePagesIndividualAllocation        = false                                  {pd product} {ergonomic}

Logging:
Log output configuration:
 #0: stdout all=warning uptime,level,tags foldmultilines=false
 #1: stderr all=off uptime,level,tags foldmultilines=false

Environment Variables:
PATH=C:\Program Files (x86)\Common Files\Oracle\Java\javapath;C:\WINDOWS\system32;C:\WINDOWS;C:\WINDOWS\System32\Wbem;C:\WINDOWS\System32\WindowsPowerShell\v1.0\;C:\WINDOWS\System32\OpenSSH\;C:\Program Files\Git\cmd;C:\Users\arman\AppData\Local\Microsoft\WindowsApps;C:\Program Files\JetBrains\IntelliJ IDEA Community Edition 2024.3.2.2\bin;
USERNAME=Arman
OS=Windows_NT
PROCESSOR_IDENTIFIER=Intel64 Family 6 Model 78 Stepping 3, GenuineIntel
TMP=C:\Users\arman\AppData\Local\Temp
TEMP=C:\Users\arman\AppData\Local\Temp




Periodic native trim disabled

JNI global refs:
JNI global refs: 25, weak refs: 2

JNI global refs memory usage: 835, weak refs: 833

Process memory usage:
Resident Set Size: 221920K (5% of 4070552K total physical memory with 108964K free physical memory)

OOME stack traces (most recent first):
Classloader memory used:
Loader org.gradle.internal.classloader.VisitableURLClassLoader                         : 32621K
Loader bootstrap                                                                       : 22504K
Loader org.gradle.initialization.MixInLegacyTypesClassLoader                           : 6653K
Loader jdk.internal.loader.ClassLoaders$PlatformClassLoader                            : 532K
Loader jdk.internal.loader.ClassLoaders$AppClassLoader                                 : 235K
Loader org.gradle.groovy.scripts.internal.DefaultScriptCompilationHandler$ScriptClassLoader: 100K
Loader org.gradle.internal.classloader.VisitableURLClassLoader                         : 19208B
Loader org.gradle.internal.classloader.VisitableURLClassLoader$InstrumentingVisitableURLClassLoader: 15864B
Loader jdk.internal.reflect.DelegatingClassLoader                                      : 10608B
Loader org.codehaus.groovy.runtime.callsite.CallSiteClassLoader                        : 10160B

Classes loaded by more than one classloader:
Class org.gradle.internal.classloader.FilteringClassLoader                            : loaded 2 times (x 105B)
Class org.gradle.internal.classloader.ClassLoaderHierarchy                            : loaded 2 times (x 70B)
Class org.gradle.api.internal.classpath.ManifestUtil                                  : loaded 2 times (x 71B)
Class org.gradle.internal.classloader.DefaultClassLoaderFactory                       : loaded 2 times (x 82B)
Class org.gradle.internal.classloader.ClassLoaderVisitor                              : loaded 2 times (x 76B)
Class org.gradle.api.internal.classpath.EffectiveClassPath                            : loaded 2 times (x 90B)
Class org.gradle.api.internal.DefaultClassPathProvider                                : loaded 2 times (x 76B)
Class [Lorg.gradle.api.internal.ClassPathProvider;                                    : loaded 2 times (x 69B)
Class org.gradle.api.internal.ClassPathProvider                                       : loaded 2 times (x 70B)
Class org.gradle.internal.service.UnknownServiceException                             : loaded 2 times (x 83B)
Class org.gradle.internal.classpath.TransformedClassPath                              : loaded 2 times (x 96B)
Class org.gradle.internal.classloader.InstrumentingClassLoader                        : loaded 2 times (x 70B)
Class org.gradle.internal.service.ServiceLocator                                      : loaded 2 times (x 70B)
Class org.gradle.internal.InternalTransformer                                         : loaded 2 times (x 70B)
Class ijKotlinCoroutineJvmDebugInit1_99btjyk49ql1mwx7lp1hptdpn                        : loaded 2 times (x 179B)
Class org.gradle.internal.classloader.ClasspathUtil$1                                 : loaded 2 times (x 76B)
Class org.gradle.api.internal.classpath.DefaultModuleRegistry$DefaultModule           : loaded 2 times (x 86B)
Class org.gradle.api.internal.classpath.Module                                        : loaded 2 times (x 70B)
Class ijKotlinCoroutineJvmDebugInit1_99btjyk49ql1mwx7lp1hptdpn$_run_closure1          : loaded 2 times (x 139B)
Class org.gradle.api.internal.classpath.UnknownModuleException                        : loaded 2 times (x 82B)
Class org.gradle.api.internal.DefaultClassPathRegistry                                : loaded 2 times (x 76B)
Class org.gradle.api.internal.ClassPathRegistry                                       : loaded 2 times (x 70B)
Class org.gradle.internal.classpath.DefaultClassPath$ImmutableUniqueList              : loaded 2 times (x 199B)
Class ijJvmDebugger1_9rgi9yi30s9ar3s7xycntlts$_run_closure1                           : loaded 2 times (x 139B)
Class org.gradle.internal.classpath.ClassPath                                         : loaded 2 times (x 70B)
Class org.gradle.api.UncheckedIOException                                             : loaded 2 times (x 82B)
Class org.gradle.internal.installation.GradleInstallation$1                           : loaded 2 times (x 75B)
Class org.gradle.api.internal.classpath.ModuleRegistry                                : loaded 2 times (x 70B)
Class org.gradle.api.internal.classpath.DefaultModuleRegistry                         : loaded 2 times (x 86B)
Class org.gradle.internal.service.ServiceLookupException                              : loaded 2 times (x 82B)
Class org.gradle.internal.classloader.ClassLoaderFactory                              : loaded 2 times (x 70B)
Class org.gradle.internal.service.CachingServiceLocator                               : loaded 2 times (x 82B)
Class org.gradle.internal.classloader.ClasspathUtil                                   : loaded 2 times (x 71B)
Class org.gradle.api.specs.Spec                                                       : loaded 2 times (x 70B)
Class org.gradle.internal.classloader.VisitableURLClassLoader$InstrumentingVisitableURLClassLoader: loaded 2 times (x 123B)
Class org.gradle.internal.classloader.VisitableURLClassLoader$Spec                    : loaded 2 times (x 74B)
Class org.gradle.internal.classpath.DefaultClassPath                                  : loaded 2 times (x 90B)
Class org.gradle.internal.classloader.ClassLoaderSpec                                 : loaded 2 times (x 71B)
Class org.gradle.internal.classloader.VisitableURLClassLoader                         : loaded 2 times (x 117B)
Class org.gradle.internal.Cast                                                        : loaded 2 times (x 71B)
Class org.gradle.api.Action                                                           : loaded 2 times (x 70B)
Class org.gradle.internal.classpath.DefaultClassPath$ImmutableUniqueList$Builder      : loaded 2 times (x 75B)
Class org.gradle.api.GradleException                                                  : loaded 2 times (x 82B)
Class org.gradle.internal.IoActions                                                   : loaded 2 times (x 71B)
Class org.gradle.internal.classloader.SystemClassLoaderSpec                           : loaded 2 times (x 71B)
Class org.gradle.api.internal.classpath.GlobalCacheRootsProvider                      : loaded 2 times (x 70B)
Class org.gradle.internal.installation.CurrentGradleInstallationLocator               : loaded 2 times (x 71B)
Class org.gradle.internal.service.DefaultServiceLocator                               : loaded 2 times (x 83B)
Class org.gradle.internal.installation.CurrentGradleInstallation                      : loaded 2 times (x 73B)
Class org.gradle.util.internal.GUtil                                                  : loaded 2 times (x 71B)
Class org.gradle.internal.installation.GradleInstallation                             : loaded 2 times (x 75B)
Class ijJvmDebugger1_9rgi9yi30s9ar3s7xycntlts                                         : loaded 2 times (x 179B)

---------------  S Y S T E M  ---------------

OS:
 Windows 10 , 64 bit Build 19041 (10.0.19041.5915)
OS uptime: 0 days 21:20 hours

CPU: total 4 (initial active 4) (2 cores per cpu, 2 threads per core) family 6 model 78 stepping 3 microcode 0xcc, cx8, cmov, fxsr, ht, mmx, 3dnowpref, sse, sse2, sse3, ssse3, sse4.1, sse4.2, popcnt, lzcnt, tsc, tscinvbit, avx, avx2, aes, erms, clmul, bmi1, bmi2, adx, fma, vzeroupper, clflush, clflushopt, rdtscp, f16c
Processor Information for the first 4 processors :
  Max Mhz: 1992, Current Mhz: 1992, Mhz Limit: 1992

Memory: 4k page, system-wide physical 3975M (104M free)
TotalPageFile size 20975M (AvailPageFile size 2M)
current process WorkingSet (physical memory assigned to process): 217M, peak: 217M
current process commit charge ("private bytes"): 273M, peak: 274M

vm_info: OpenJDK 64-Bit Server VM (21.0.8+-14196175-b1038.72) for windows-amd64 JRE (21.0.8+-14196175-b1038.72), built on 2025-10-01T10:24:33Z by "builder" with MS VC++ 16.10 / 16.11 (VS2019)

END.
