#
# There is insufficient memory for the Java Runtime Environment to continue.
# Native memory allocation (mmap) failed to map 28311552 bytes. Error detail: G1 virtual space
# Possible reasons:
#   The system is out of physical RAM or swap space
#   This process is running with CompressedOops enabled, and the Java Heap may be blocking the growth of the native heap
# Possible solutions:
#   Reduce memory load on the system
#   Increase physical memory or swap space
#   Check if swap backing store is full
#   Decrease Java heap size (-Xmx/-Xms)
#   Decrease number of Java threads
#   Decrease Java thread stack sizes (-Xss)
#   Set larger code cache with -XX:ReservedCodeCacheSize=
#   JVM is running with Unscaled Compressed Oops mode in which the Java heap is
#     placed in the first 4GB address space. The Java Heap base address is the
#     maximum limit for the native heap growth. Please use -XX:HeapBaseMinAddress
#     to set the Java Heap base and to place the Java Heap above 4GB virtual address.
# This output file may be truncated or incomplete.
#
#  Out of Memory Error (os_windows.cpp:3925), pid=8048, tid=9384
#
# JRE version: OpenJDK Runtime Environment (21.0.8) (build 21.0.8+-14196175-b1038.72)
# Java VM: OpenJDK 64-Bit Server VM (21.0.8+-14196175-b1038.72, mixed mode, tiered, compressed oops, compressed class ptrs, g1 gc, windows-amd64)
# No core dump will be written. Minidumps are not enabled by default on client versions of Windows
#

---------------  S U M M A R Y ------------

Command Line: --add-opens=java.base/java.lang=ALL-UNNAMED --add-opens=java.base/java.lang.invoke=ALL-UNNAMED --add-opens=java.base/java.util=ALL-UNNAMED --add-opens=java.prefs/java.util.prefs=ALL-UNNAMED --add-exports=jdk.compiler/com.sun.tools.javac.api=ALL-UNNAMED --add-exports=jdk.compiler/com.sun.tools.javac.util=ALL-UNNAMED --add-opens=java.base/java.util=ALL-UNNAMED --add-opens=java.prefs/java.util.prefs=ALL-UNNAMED --add-opens=java.base/java.nio.charset=ALL-UNNAMED --add-opens=java.base/java.net=ALL-UNNAMED --add-opens=java.base/java.util.concurrent.atomic=ALL-UNNAMED --add-opens=java.xml/javax.xml.namespace=ALL-UNNAMED -Xmx2048m -Dfile.encoding=UTF-8 -Duser.country=RU -Duser.language=ru -Duser.variant -javaagent:C:\Users\arman\.gradle\wrapper\dists\gradle-8.13-bin\5xuhj0ry160q40clulazy9h7d\gradle-8.13\lib\agents\gradle-instrumentation-agent-8.13.jar org.gradle.launcher.daemon.bootstrap.GradleDaemon 8.13

Host: Intel(R) Core(TM) i3-6006U CPU @ 2.00GHz, 4 cores, 3G,  Windows 10 , 64 bit Build 19041 (10.0.19041.5915)
Time: Fri Mar 27 15:14:19 2026 elapsed time: 30.285551 seconds (0d 0h 0m 30s)

---------------  T H R E A D  ---------------

Current thread (0x000001dd9cd55080):  VMThread "VM Thread"          [id=9384, stack(0x00000079e1400000,0x00000079e1500000) (1024K)]

Stack: [0x00000079e1400000,0x00000079e1500000]
Native frames: (J=compiled Java code, j=interpreted, Vv=VM code, C=native code)
V  [jvm.dll+0x6d68d9]
V  [jvm.dll+0x866693]
V  [jvm.dll+0x868c4e]
V  [jvm.dll+0x869333]
V  [jvm.dll+0x280566]
V  [jvm.dll+0x6d3195]
V  [jvm.dll+0x6c69ea]
V  [jvm.dll+0x3586db]
V  [jvm.dll+0x360336]
V  [jvm.dll+0x3b23f6]
V  [jvm.dll+0x3b26c8]
V  [jvm.dll+0x32ae6c]
V  [jvm.dll+0x32aef7]
V  [jvm.dll+0x370d3c]
V  [jvm.dll+0x36f4ee]
V  [jvm.dll+0x32a5c1]
V  [jvm.dll+0x36ebf0]
V  [jvm.dll+0x86f0b8]
V  [jvm.dll+0x870434]
V  [jvm.dll+0x870970]
V  [jvm.dll+0x870c03]
V  [jvm.dll+0x80eac8]
V  [jvm.dll+0x6d512d]
C  [ucrtbase.dll+0x21bb2]
C  [KERNEL32.DLL+0x17374]
C  [ntdll.dll+0x4cc91]

VM_Operation (0x00000079e4cfcbb0): G1CollectForAllocation, mode: safepoint, requested by thread 0x000001dda3419540


---------------  P R O C E S S  ---------------

Threads class SMR info:
_java_thread_list=0x000001dda2c84430, length=54, elements={
0x000001dd83d218b0, 0x000001dda1008410, 0x000001dda10373e0, 0x000001dd9cd9d770,
0x000001dda1023b00, 0x000001dda1024560, 0x000001dda1019f10, 0x000001dda101a580,
0x000001dda101b310, 0x000001dda103d760, 0x000001dda1314460, 0x000001dda2eabc10,
0x000001dda2a080d0, 0x000001dda2e0c0f0, 0x000001dda1dad0a0, 0x000001dda1da9360,
0x000001dda202a990, 0x000001dda202b000, 0x000001dda234eef0, 0x000001dda234f580,
0x000001dda2350930, 0x000001dda2350fc0, 0x000001dda2351ce0, 0x000001dda2351650,
0x000001dda234fc10, 0x000001dda23502a0, 0x000001dda4dacaf0, 0x000001dda4dad180,
0x000001dda4dab0b0, 0x000001dda4dac460, 0x000001dda4dad810, 0x000001dda4dab740,
0x000001dda4daf250, 0x000001dda4dae530, 0x000001dda4daf8e0, 0x000001dda4da9670,
0x000001dda4db0c90, 0x000001dda4dabdd0, 0x000001dda4dadea0, 0x000001dda4daa390,
0x000001dda4cbe2d0, 0x000001dda4cbb4e0, 0x000001dda4cbe960, 0x000001dda4cbeff0,
0x000001dda4cbd5b0, 0x000001dda4cbdc40, 0x000001dda4cbc200, 0x000001dda4cb9410,
0x000001dda4cb86f0, 0x000001dda4cbbb70, 0x000001dda4cb9aa0, 0x000001dda3416750,
0x000001dda3419540, 0x000001dda3418820
}

Java Threads: ( => current thread )
  0x000001dd83d218b0 JavaThread "main"                              [_thread_blocked, id=1908, stack(0x00000079e0d00000,0x00000079e0e00000) (1024K)]
  0x000001dda1008410 JavaThread "Common-Cleaner"             daemon [_thread_blocked, id=740, stack(0x00000079e1500000,0x00000079e1600000) (1024K)]
  0x000001dda10373e0 JavaThread "Reference Handler"          daemon [_thread_blocked, id=3076, stack(0x00000079e1600000,0x00000079e1700000) (1024K)]
  0x000001dd9cd9d770 JavaThread "Finalizer"                  daemon [_thread_blocked, id=1700, stack(0x00000079e1700000,0x00000079e1800000) (1024K)]
  0x000001dda1023b00 JavaThread "Signal Dispatcher"          daemon [_thread_blocked, id=9460, stack(0x00000079e1800000,0x00000079e1900000) (1024K)]
  0x000001dda1024560 JavaThread "Attach Listener"            daemon [_thread_blocked, id=4528, stack(0x00000079e1900000,0x00000079e1a00000) (1024K)]
  0x000001dda1019f10 JavaThread "Service Thread"             daemon [_thread_blocked, id=8252, stack(0x00000079e1a00000,0x00000079e1b00000) (1024K)]
  0x000001dda101a580 JavaThread "Monitor Deflation Thread"   daemon [_thread_blocked, id=3660, stack(0x00000079e1b00000,0x00000079e1c00000) (1024K)]
  0x000001dda101b310 JavaThread "C2 CompilerThread0"         daemon [_thread_blocked, id=7252, stack(0x00000079e1c00000,0x00000079e1d00000) (1024K)]
  0x000001dda103d760 JavaThread "C1 CompilerThread0"         daemon [_thread_blocked, id=3992, stack(0x00000079e1d00000,0x00000079e1e00000) (1024K)]
  0x000001dda1314460 JavaThread "Notification Thread"        daemon [_thread_blocked, id=1228, stack(0x00000079e1e00000,0x00000079e1f00000) (1024K)]
  0x000001dda2eabc10 JavaThread "Daemon health stats"               [_thread_blocked, id=1336, stack(0x00000079e2200000,0x00000079e2300000) (1024K)]
  0x000001dda2a080d0 JavaThread "Incoming local TCP Connector on port 54242"        [_thread_in_native, id=6648, stack(0x00000079e2300000,0x00000079e2400000) (1024K)]
  0x000001dda2e0c0f0 JavaThread "Daemon periodic checks"            [_thread_blocked, id=2056, stack(0x00000079e2400000,0x00000079e2500000) (1024K)]
  0x000001dda1dad0a0 JavaThread "Daemon"                            [_thread_blocked, id=8380, stack(0x00000079e2500000,0x00000079e2600000) (1024K)]
  0x000001dda1da9360 JavaThread "Handler for socket connection from /127.0.0.1:54242 to /127.0.0.1:54243"        [_thread_in_native, id=8868, stack(0x00000079e2600000,0x00000079e2700000) (1024K)]
  0x000001dda202a990 JavaThread "Cancel handler"                    [_thread_blocked, id=9080, stack(0x00000079e2700000,0x00000079e2800000) (1024K)]
  0x000001dda202b000 JavaThread "Daemon worker"                     [_thread_blocked, id=5556, stack(0x00000079e2800000,0x00000079e2900000) (1024K)]
  0x000001dda234eef0 JavaThread "Asynchronous log dispatcher for DefaultDaemonConnection: socket connection from /127.0.0.1:54242 to /127.0.0.1:54243"        [_thread_blocked, id=2764, stack(0x00000079e2900000,0x00000079e2a00000) (1024K)]
  0x000001dda234f580 JavaThread "Stdin handler"                     [_thread_blocked, id=8836, stack(0x00000079e2a00000,0x00000079e2b00000) (1024K)]
  0x000001dda2350930 JavaThread "Daemon client event forwarder"        [_thread_blocked, id=6232, stack(0x00000079e2b00000,0x00000079e2c00000) (1024K)]
  0x000001dda2350fc0 JavaThread "Cache worker for journal cache (C:\Users\arman\.gradle\caches\journal-1)"        [_thread_blocked, id=5204, stack(0x00000079e2c00000,0x00000079e2d00000) (1024K)]
  0x000001dda2351ce0 JavaThread "File lock request listener"        [_thread_in_native, id=1816, stack(0x00000079e2d00000,0x00000079e2e00000) (1024K)]
  0x000001dda2351650 JavaThread "Cache worker for file hash cache (C:\Users\arman\.gradle\caches\8.13\fileHashes)"        [_thread_blocked, id=7900, stack(0x00000079e2e00000,0x00000079e2f00000) (1024K)]
  0x000001dda234fc10 JavaThread "Cache worker for file hash cache (C:\JavaProjects\ZenTreeSecond\.gradle\8.13\fileHashes)"        [_thread_blocked, id=1660, stack(0x00000079e2f00000,0x00000079e3000000) (1024K)]
  0x000001dda23502a0 JavaThread "Cache worker for Build Output Cleanup Cache (C:\JavaProjects\ZenTreeSecond\.gradle\buildOutputCleanup)"        [_thread_blocked, id=5412, stack(0x00000079e3000000,0x00000079e3100000) (1024K)]
  0x000001dda4dacaf0 JavaThread "File watcher server"        daemon [_thread_in_native, id=6608, stack(0x00000079e3100000,0x00000079e3200000) (1024K)]
  0x000001dda4dad180 JavaThread "File watcher consumer"      daemon [_thread_blocked, id=4188, stack(0x00000079e3200000,0x00000079e3300000) (1024K)]
  0x000001dda4dab0b0 JavaThread "jar transforms"                    [_thread_blocked, id=9136, stack(0x00000079e3300000,0x00000079e3400000) (1024K)]
  0x000001dda4dac460 JavaThread "jar transforms Thread 2"           [_thread_blocked, id=6876, stack(0x00000079e3400000,0x00000079e3500000) (1024K)]
  0x000001dda4dad810 JavaThread "Cache worker for checksums cache (C:\JavaProjects\ZenTreeSecond\.gradle\8.13\checksums)"        [_thread_blocked, id=2420, stack(0x00000079e3500000,0x00000079e3600000) (1024K)]
  0x000001dda4dab740 JavaThread "Cache worker for file content cache (C:\Users\arman\.gradle\caches\8.13\fileContent)"        [_thread_blocked, id=8436, stack(0x00000079e3600000,0x00000079e3700000) (1024K)]
  0x000001dda4daf250 JavaThread "jar transforms Thread 3"           [_thread_blocked, id=2232, stack(0x00000079e3700000,0x00000079e3800000) (1024K)]
  0x000001dda4dae530 JavaThread "Cache worker for cache directory md-supplier (C:\Users\arman\.gradle\caches\8.13\md-supplier)"        [_thread_blocked, id=7340, stack(0x00000079e3800000,0x00000079e3900000) (1024K)]
  0x000001dda4daf8e0 JavaThread "Cache worker for cache directory md-rule (C:\Users\arman\.gradle\caches\8.13\md-rule)"        [_thread_blocked, id=324, stack(0x00000079e3900000,0x00000079e3a00000) (1024K)]
  0x000001dda4da9670 JavaThread "Unconstrained build operations"        [_thread_blocked, id=9668, stack(0x00000079e3a00000,0x00000079e3b00000) (1024K)]
  0x000001dda4db0c90 JavaThread "Unconstrained build operations Thread 2"        [_thread_blocked, id=4672, stack(0x00000079e3b00000,0x00000079e3c00000) (1024K)]
  0x000001dda4dabdd0 JavaThread "Unconstrained build operations Thread 3"        [_thread_blocked, id=2388, stack(0x00000079e3c00000,0x00000079e3d00000) (1024K)]
  0x000001dda4dadea0 JavaThread "Unconstrained build operations Thread 4"        [_thread_blocked, id=5068, stack(0x00000079e3d00000,0x00000079e3e00000) (1024K)]
  0x000001dda4daa390 JavaThread "Unconstrained build operations Thread 5"        [_thread_blocked, id=476, stack(0x00000079e3e00000,0x00000079e3f00000) (1024K)]
  0x000001dda4cbe2d0 JavaThread "Unconstrained build operations Thread 6"        [_thread_blocked, id=9564, stack(0x00000079e3f00000,0x00000079e4000000) (1024K)]
  0x000001dda4cbb4e0 JavaThread "jar transforms Thread 4"           [_thread_blocked, id=1748, stack(0x00000079e4000000,0x00000079e4100000) (1024K)]
  0x000001dda4cbe960 JavaThread "Unconstrained build operations Thread 7"        [_thread_blocked, id=2136, stack(0x00000079e4100000,0x00000079e4200000) (1024K)]
  0x000001dda4cbeff0 JavaThread "Unconstrained build operations Thread 8"        [_thread_blocked, id=3508, stack(0x00000079e4200000,0x00000079e4300000) (1024K)]
  0x000001dda4cbd5b0 JavaThread "Unconstrained build operations Thread 9"        [_thread_blocked, id=3504, stack(0x00000079e4300000,0x00000079e4400000) (1024K)]
  0x000001dda4cbdc40 JavaThread "Unconstrained build operations Thread 10"        [_thread_blocked, id=8244, stack(0x00000079e4500000,0x00000079e4600000) (1024K)]
  0x000001dda4cbc200 JavaThread "Unconstrained build operations Thread 11"        [_thread_blocked, id=8344, stack(0x00000079e4600000,0x00000079e4700000) (1024K)]
  0x000001dda4cb9410 JavaThread "Unconstrained build operations Thread 12"        [_thread_blocked, id=5096, stack(0x00000079e4700000,0x00000079e4800000) (1024K)]
  0x000001dda4cb86f0 JavaThread "Unconstrained build operations Thread 13"        [_thread_blocked, id=7760, stack(0x00000079e4800000,0x00000079e4900000) (1024K)]
  0x000001dda4cbbb70 JavaThread "Unconstrained build operations Thread 14"        [_thread_blocked, id=3088, stack(0x00000079e4900000,0x00000079e4a00000) (1024K)]
  0x000001dda4cb9aa0 JavaThread "Unconstrained build operations Thread 15"        [_thread_blocked, id=3600, stack(0x00000079e4a00000,0x00000079e4b00000) (1024K)]
  0x000001dda3416750 JavaThread "Unconstrained build operations Thread 16"        [_thread_blocked, id=1884, stack(0x00000079e4b00000,0x00000079e4c00000) (1024K)]
  0x000001dda3419540 JavaThread "Unconstrained build operations Thread 17"        [_thread_blocked, id=6272, stack(0x00000079e4c00000,0x00000079e4d00000) (1024K)]
  0x000001dda3418820 JavaThread "Unconstrained build operations Thread 18"        [_thread_blocked, id=4208, stack(0x00000079e4d00000,0x00000079e4e00000) (1024K)]
Total: 54

Other Threads:
=>0x000001dd9cd55080 VMThread "VM Thread"                           [id=9384, stack(0x00000079e1400000,0x00000079e1500000) (1024K)]
  0x000001dd9ccc11c0 WatcherThread "VM Periodic Task Thread"        [id=7520, stack(0x00000079e1300000,0x00000079e1400000) (1024K)]
  0x000001dd85f54ff0 WorkerThread "GC Thread#0"                     [id=7200, stack(0x00000079e0e00000,0x00000079e0f00000) (1024K)]
  0x000001dda1312c90 WorkerThread "GC Thread#1"                     [id=964, stack(0x00000079e1f00000,0x00000079e2000000) (1024K)]
  0x000001dda15226f0 WorkerThread "GC Thread#2"                     [id=1424, stack(0x00000079e2000000,0x00000079e2100000) (1024K)]
  0x000001dda1f36420 WorkerThread "GC Thread#3"                     [id=928, stack(0x00000079e2100000,0x00000079e2200000) (1024K)]
  0x000001dd85f66050 ConcurrentGCThread "G1 Main Marker"            [id=8456, stack(0x00000079e0f00000,0x00000079e1000000) (1024K)]
  0x000001dd85f68210 WorkerThread "G1 Conc#0"                       [id=9684, stack(0x00000079e1000000,0x00000079e1100000) (1024K)]
  0x000001dd85fc3dc0 ConcurrentGCThread "G1 Refine#0"               [id=7868, stack(0x00000079e1100000,0x00000079e1200000) (1024K)]
  0x000001dd85fc46e0 ConcurrentGCThread "G1 Service"                [id=712, stack(0x00000079e1200000,0x00000079e1300000) (1024K)]
Total: 10

Threads with active compile tasks:
C2 CompilerThread0  30440 9057       4       org.gradle.cache.internal.btree.CachingBlockStore::read (56 bytes)
Total: 1

VM state: at safepoint (normal execution)

VM Mutex/Monitor currently owned by a thread:  ([mutex/lock_event])
[0x00007ffc50ca85b8] Threads_lock - owner thread: 0x000001dd9cd55080
[0x00007ffc50ca86b8] Heap_lock - owner thread: 0x000001dda3419540

Heap address: 0x0000000080000000, size: 2048 MB, Compressed Oops mode: 32-bit

CDS archive(s) not mapped
Compressed class space mapped at: 0x0000000100000000-0x0000000140000000, reserved size: 1073741824
Narrow klass base: 0x0000000000000000, Narrow klass shift: 3, Narrow klass range: 0x140000000

GC Precious Log:
 CardTable entry size: 512
 Card Set container configuration: InlinePtr #cards 5 size 8 Array Of Cards #cards 12 size 40 Howl #buckets 4 coarsen threshold 1843 Howl Bitmap #cards 512 size 80 coarsen threshold 460 Card regions per heap region 1 cards per card region 2048
 CPUs: 4 total, 4 available
 Memory: 3975M
 Large Page Support: Disabled
 NUMA Support: Disabled
 Compressed Oops: Enabled (32-bit)
 Heap Region Size: 1M
 Heap Min Capacity: 8M
 Heap Initial Capacity: 64M
 Heap Max Capacity: 2G
 Pre-touch: Disabled
 Parallel Workers: 4
 Concurrent Workers: 1
 Concurrent Refinement Workers: 4
 Periodic GC: Disabled

Heap:
 garbage-first heap   total 97280K, used 58056K [0x0000000080000000, 0x0000000100000000)
  region size 1024K, 3 young (3072K), 3 survivors (3072K)
 Metaspace       used 79244K, committed 80896K, reserved 1179648K
  class space    used 11049K, committed 11840K, reserved 1048576K

Heap Regions: E=young(eden), S=young(survivor), O=old, HS=humongous(starts), HC=humongous(continues), CS=collection set, F=free, TAMS=top-at-mark-start, PB=parsable bottom
|   0|0x0000000080000000, 0x0000000080100000, 0x0000000080100000|100%|HS|  |TAMS 0x0000000080100000| PB 0x0000000080000000| Complete 
|   1|0x0000000080100000, 0x0000000080200000, 0x0000000080200000|100%|HC|  |TAMS 0x0000000080200000| PB 0x0000000080100000| Complete 
|   2|0x0000000080200000, 0x0000000080300000, 0x0000000080300000|100%|HC|  |TAMS 0x0000000080300000| PB 0x0000000080200000| Complete 
|   3|0x0000000080300000, 0x0000000080400000, 0x0000000080400000|100%| O|  |TAMS 0x0000000080400000| PB 0x0000000080300000| Untracked 
|   4|0x0000000080400000, 0x0000000080500000, 0x0000000080500000|100%| O|  |TAMS 0x0000000080500000| PB 0x0000000080400000| Untracked 
|   5|0x0000000080500000, 0x0000000080600000, 0x0000000080600000|100%| O|  |TAMS 0x0000000080600000| PB 0x0000000080500000| Untracked 
|   6|0x0000000080600000, 0x0000000080700000, 0x0000000080700000|100%| O|  |TAMS 0x0000000080700000| PB 0x0000000080600000| Untracked 
|   7|0x0000000080700000, 0x0000000080800000, 0x0000000080800000|100%| O|  |TAMS 0x0000000080800000| PB 0x0000000080700000| Untracked 
|   8|0x0000000080800000, 0x0000000080900000, 0x0000000080900000|100%| O|  |TAMS 0x0000000080900000| PB 0x0000000080800000| Untracked 
|   9|0x0000000080900000, 0x0000000080a00000, 0x0000000080a00000|100%| O|  |TAMS 0x0000000080a00000| PB 0x0000000080900000| Untracked 
|  10|0x0000000080a00000, 0x0000000080b00000, 0x0000000080b00000|100%| O|  |TAMS 0x0000000080b00000| PB 0x0000000080a00000| Untracked 
|  11|0x0000000080b00000, 0x0000000080c00000, 0x0000000080c00000|100%|HS|  |TAMS 0x0000000080c00000| PB 0x0000000080b00000| Complete 
|  12|0x0000000080c00000, 0x0000000080d00000, 0x0000000080d00000|100%| O|  |TAMS 0x0000000080d00000| PB 0x0000000080c00000| Untracked 
|  13|0x0000000080d00000, 0x0000000080e00000, 0x0000000080e00000|100%| O|  |TAMS 0x0000000080e00000| PB 0x0000000080d00000| Untracked 
|  14|0x0000000080e00000, 0x0000000080f00000, 0x0000000080f00000|100%| O|  |TAMS 0x0000000080f00000| PB 0x0000000080e00000| Untracked 
|  15|0x0000000080f00000, 0x0000000081000000, 0x0000000081000000|100%| O|  |TAMS 0x0000000081000000| PB 0x0000000080f00000| Untracked 
|  16|0x0000000081000000, 0x0000000081100000, 0x0000000081100000|100%| O|  |TAMS 0x0000000081100000| PB 0x0000000081000000| Untracked 
|  17|0x0000000081100000, 0x0000000081200000, 0x0000000081200000|100%| O|  |TAMS 0x0000000081200000| PB 0x0000000081100000| Untracked 
|  18|0x0000000081200000, 0x0000000081300000, 0x0000000081300000|100%| O|  |TAMS 0x0000000081300000| PB 0x0000000081200000| Untracked 
|  19|0x0000000081300000, 0x0000000081400000, 0x0000000081400000|100%| O|  |TAMS 0x0000000081400000| PB 0x0000000081300000| Untracked 
|  20|0x0000000081400000, 0x0000000081500000, 0x0000000081500000|100%| O|  |TAMS 0x0000000081500000| PB 0x0000000081400000| Untracked 
|  21|0x0000000081500000, 0x0000000081600000, 0x0000000081600000|100%| O|  |TAMS 0x0000000081600000| PB 0x0000000081500000| Untracked 
|  22|0x0000000081600000, 0x0000000081700000, 0x0000000081700000|100%| O|  |TAMS 0x0000000081700000| PB 0x0000000081600000| Untracked 
|  23|0x0000000081700000, 0x0000000081800000, 0x0000000081800000|100%| O|  |TAMS 0x0000000081800000| PB 0x0000000081700000| Untracked 
|  24|0x0000000081800000, 0x0000000081900000, 0x0000000081900000|100%| O|  |TAMS 0x0000000081900000| PB 0x0000000081800000| Untracked 
|  25|0x0000000081900000, 0x0000000081a00000, 0x0000000081a00000|100%| O|  |TAMS 0x0000000081a00000| PB 0x0000000081900000| Untracked 
|  26|0x0000000081a00000, 0x0000000081b00000, 0x0000000081b00000|100%| O|  |TAMS 0x0000000081b00000| PB 0x0000000081a00000| Untracked 
|  27|0x0000000081b00000, 0x0000000081c00000, 0x0000000081c00000|100%|HS|  |TAMS 0x0000000081c00000| PB 0x0000000081b00000| Complete 
|  28|0x0000000081c00000, 0x0000000081d00000, 0x0000000081d00000|100%|HC|  |TAMS 0x0000000081d00000| PB 0x0000000081c00000| Complete 
|  29|0x0000000081d00000, 0x0000000081e00000, 0x0000000081e00000|100%| O|  |TAMS 0x0000000081e00000| PB 0x0000000081d00000| Untracked 
|  30|0x0000000081e00000, 0x0000000081f00000, 0x0000000081f00000|100%| O|  |TAMS 0x0000000081f00000| PB 0x0000000081e00000| Untracked 
|  31|0x0000000081f00000, 0x0000000082000000, 0x0000000082000000|100%| O|  |TAMS 0x0000000082000000| PB 0x0000000081f00000| Untracked 
|  32|0x0000000082000000, 0x0000000082100000, 0x0000000082100000|100%| O|  |TAMS 0x0000000082100000| PB 0x0000000082000000| Untracked 
|  33|0x0000000082100000, 0x0000000082200000, 0x0000000082200000|100%| O|  |TAMS 0x0000000082200000| PB 0x0000000082100000| Untracked 
|  34|0x0000000082200000, 0x0000000082300000, 0x0000000082300000|100%| O|  |TAMS 0x0000000082300000| PB 0x0000000082200000| Untracked 
|  35|0x0000000082300000, 0x0000000082400000, 0x0000000082400000|100%| O|  |TAMS 0x0000000082400000| PB 0x0000000082300000| Untracked 
|  36|0x0000000082400000, 0x0000000082500000, 0x0000000082500000|100%| O|  |TAMS 0x0000000082500000| PB 0x0000000082400000| Untracked 
|  37|0x0000000082500000, 0x0000000082600000, 0x0000000082600000|100%| O|  |TAMS 0x0000000082600000| PB 0x0000000082500000| Untracked 
|  38|0x0000000082600000, 0x0000000082700000, 0x0000000082700000|100%| O|  |TAMS 0x0000000082700000| PB 0x0000000082600000| Untracked 
|  39|0x0000000082700000, 0x0000000082800000, 0x0000000082800000|100%| O|  |TAMS 0x0000000082800000| PB 0x0000000082700000| Untracked 
|  40|0x0000000082800000, 0x0000000082900000, 0x0000000082900000|100%| O|  |TAMS 0x0000000082900000| PB 0x0000000082800000| Untracked 
|  41|0x0000000082900000, 0x00000000829b7260, 0x0000000082a00000| 71%| O|  |TAMS 0x0000000082900000| PB 0x0000000082900000| Untracked 
|  42|0x0000000082a00000, 0x0000000082a00000, 0x0000000082b00000|  0%| F|  |TAMS 0x0000000082a00000| PB 0x0000000082a00000| Untracked 
|  43|0x0000000082b00000, 0x0000000082c00000, 0x0000000082c00000|100%| O|  |TAMS 0x0000000082c00000| PB 0x0000000082b00000| Untracked 
|  44|0x0000000082c00000, 0x0000000082d00000, 0x0000000082d00000|100%| O|  |TAMS 0x0000000082d00000| PB 0x0000000082c00000| Untracked 
|  45|0x0000000082d00000, 0x0000000082e00000, 0x0000000082e00000|100%| O|  |TAMS 0x0000000082e00000| PB 0x0000000082d00000| Untracked 
|  46|0x0000000082e00000, 0x0000000082f00000, 0x0000000082f00000|100%| O|  |TAMS 0x0000000082f00000| PB 0x0000000082e00000| Untracked 
|  47|0x0000000082f00000, 0x0000000083000000, 0x0000000083000000|100%| O|  |TAMS 0x0000000083000000| PB 0x0000000082f00000| Untracked 
|  48|0x0000000083000000, 0x0000000083100000, 0x0000000083100000|100%| O|  |TAMS 0x0000000083100000| PB 0x0000000083000000| Untracked 
|  49|0x0000000083100000, 0x0000000083200000, 0x0000000083200000|100%| O|  |TAMS 0x0000000083200000| PB 0x0000000083100000| Untracked 
|  50|0x0000000083200000, 0x0000000083300000, 0x0000000083300000|100%| O|  |TAMS 0x0000000083300000| PB 0x0000000083200000| Untracked 
|  51|0x0000000083300000, 0x0000000083400000, 0x0000000083400000|100%| O|  |TAMS 0x0000000083400000| PB 0x0000000083300000| Untracked 
|  52|0x0000000083400000, 0x0000000083500000, 0x0000000083500000|100%| O|  |TAMS 0x0000000083500000| PB 0x0000000083400000| Untracked 
|  53|0x0000000083500000, 0x0000000083600000, 0x0000000083600000|100%| O|  |TAMS 0x0000000083600000| PB 0x0000000083500000| Untracked 
|  54|0x0000000083600000, 0x0000000083700000, 0x0000000083700000|100%| O|  |TAMS 0x00000000836fac20| PB 0x0000000083600000| Untracked 
|  55|0x0000000083700000, 0x0000000083700000, 0x0000000083800000|  0%| F|  |TAMS 0x0000000083700000| PB 0x0000000083700000| Untracked 
|  56|0x0000000083800000, 0x0000000083800000, 0x0000000083900000|  0%| F|  |TAMS 0x0000000083800000| PB 0x0000000083800000| Untracked 
|  57|0x0000000083900000, 0x0000000083900000, 0x0000000083a00000|  0%| F|  |TAMS 0x0000000083900000| PB 0x0000000083900000| Untracked 
|  58|0x0000000083a00000, 0x0000000083a00000, 0x0000000083b00000|  0%| F|  |TAMS 0x0000000083a00000| PB 0x0000000083a00000| Untracked 
|  59|0x0000000083b00000, 0x0000000083b00000, 0x0000000083c00000|  0%| F|  |TAMS 0x0000000083b00000| PB 0x0000000083b00000| Untracked 
|  60|0x0000000083c00000, 0x0000000083c00000, 0x0000000083d00000|  0%| F|  |TAMS 0x0000000083c00000| PB 0x0000000083c00000| Untracked 
|  61|0x0000000083d00000, 0x0000000083d00000, 0x0000000083e00000|  0%| F|  |TAMS 0x0000000083d00000| PB 0x0000000083d00000| Untracked 
|  62|0x0000000083e00000, 0x0000000083e00000, 0x0000000083f00000|  0%| F|  |TAMS 0x0000000083e00000| PB 0x0000000083e00000| Untracked 
|  63|0x0000000083f00000, 0x0000000083ffb158, 0x0000000084000000| 98%| S|CS|TAMS 0x0000000083f00000| PB 0x0000000083f00000| Complete 
|  64|0x0000000084000000, 0x0000000084100000, 0x0000000084100000|100%| S|CS|TAMS 0x0000000084000000| PB 0x0000000084000000| Complete 
|  65|0x0000000084100000, 0x0000000084200000, 0x0000000084200000|100%| S|CS|TAMS 0x0000000084100000| PB 0x0000000084100000| Complete 
|  66|0x0000000084200000, 0x0000000084200000, 0x0000000084300000|  0%| F|  |TAMS 0x0000000084200000| PB 0x0000000084200000| Untracked 
|  67|0x0000000084300000, 0x0000000084300000, 0x0000000084400000|  0%| F|  |TAMS 0x0000000084300000| PB 0x0000000084300000| Untracked 
|  68|0x0000000084400000, 0x0000000084400000, 0x0000000084500000|  0%| F|  |TAMS 0x0000000084400000| PB 0x0000000084400000| Untracked 
|  69|0x0000000084500000, 0x0000000084500000, 0x0000000084600000|  0%| F|  |TAMS 0x0000000084500000| PB 0x0000000084500000| Untracked 
|  70|0x0000000084600000, 0x0000000084600000, 0x0000000084700000|  0%| F|  |TAMS 0x0000000084600000| PB 0x0000000084600000| Untracked 
|  71|0x0000000084700000, 0x0000000084700000, 0x0000000084800000|  0%| F|  |TAMS 0x0000000084700000| PB 0x0000000084700000| Untracked 
|  72|0x0000000084800000, 0x0000000084800000, 0x0000000084900000|  0%| F|  |TAMS 0x0000000084800000| PB 0x0000000084800000| Untracked 
|  73|0x0000000084900000, 0x0000000084900000, 0x0000000084a00000|  0%| F|  |TAMS 0x0000000084900000| PB 0x0000000084900000| Untracked 
|  74|0x0000000084a00000, 0x0000000084a00000, 0x0000000084b00000|  0%| F|  |TAMS 0x0000000084a00000| PB 0x0000000084a00000| Untracked 
|  75|0x0000000084b00000, 0x0000000084b00000, 0x0000000084c00000|  0%| F|  |TAMS 0x0000000084b00000| PB 0x0000000084b00000| Untracked 
|  76|0x0000000084c00000, 0x0000000084c00000, 0x0000000084d00000|  0%| F|  |TAMS 0x0000000084c00000| PB 0x0000000084c00000| Untracked 
|  77|0x0000000084d00000, 0x0000000084d00000, 0x0000000084e00000|  0%| F|  |TAMS 0x0000000084d00000| PB 0x0000000084d00000| Untracked 
|  78|0x0000000084e00000, 0x0000000084e00000, 0x0000000084f00000|  0%| F|  |TAMS 0x0000000084e00000| PB 0x0000000084e00000| Untracked 
|  79|0x0000000084f00000, 0x0000000084f00000, 0x0000000085000000|  0%| F|  |TAMS 0x0000000084f00000| PB 0x0000000084f00000| Untracked 
|  80|0x0000000085000000, 0x0000000085000000, 0x0000000085100000|  0%| F|  |TAMS 0x0000000085000000| PB 0x0000000085000000| Untracked 
|  81|0x0000000085100000, 0x0000000085100000, 0x0000000085200000|  0%| F|  |TAMS 0x0000000085100000| PB 0x0000000085100000| Untracked 
|  82|0x0000000085200000, 0x0000000085200000, 0x0000000085300000|  0%| F|  |TAMS 0x0000000085200000| PB 0x0000000085200000| Untracked 
|  83|0x0000000085300000, 0x0000000085300000, 0x0000000085400000|  0%| F|  |TAMS 0x0000000085300000| PB 0x0000000085300000| Untracked 
|  84|0x0000000085400000, 0x0000000085400000, 0x0000000085500000|  0%| F|  |TAMS 0x0000000085400000| PB 0x0000000085400000| Untracked 
|  85|0x0000000085500000, 0x0000000085500000, 0x0000000085600000|  0%| F|  |TAMS 0x0000000085500000| PB 0x0000000085500000| Untracked 
|  86|0x0000000085600000, 0x0000000085600000, 0x0000000085700000|  0%| F|  |TAMS 0x0000000085600000| PB 0x0000000085600000| Untracked 
|  87|0x0000000085700000, 0x0000000085700000, 0x0000000085800000|  0%| F|  |TAMS 0x0000000085700000| PB 0x0000000085700000| Untracked 
|  88|0x0000000085800000, 0x0000000085800000, 0x0000000085900000|  0%| F|  |TAMS 0x0000000085800000| PB 0x0000000085800000| Untracked 
|  89|0x0000000085900000, 0x0000000085900000, 0x0000000085a00000|  0%| F|  |TAMS 0x0000000085900000| PB 0x0000000085900000| Untracked 
|  90|0x0000000085a00000, 0x0000000085a00000, 0x0000000085b00000|  0%| F|  |TAMS 0x0000000085a00000| PB 0x0000000085a00000| Untracked 
|  91|0x0000000085b00000, 0x0000000085b00000, 0x0000000085c00000|  0%| F|  |TAMS 0x0000000085b00000| PB 0x0000000085b00000| Untracked 
|  92|0x0000000085c00000, 0x0000000085c00000, 0x0000000085d00000|  0%| F|  |TAMS 0x0000000085c00000| PB 0x0000000085c00000| Untracked 
|  93|0x0000000085d00000, 0x0000000085d00000, 0x0000000085e00000|  0%| F|  |TAMS 0x0000000085d00000| PB 0x0000000085d00000| Untracked 
|  94|0x0000000085e00000, 0x0000000085e00000, 0x0000000085f00000|  0%| F|  |TAMS 0x0000000085e00000| PB 0x0000000085e00000| Untracked 

Card table byte_map: [0x000001dd98460000,0x000001dd98860000] _byte_map_base: 0x000001dd98060000

Marking Bits: (CMBitMap*) 0x000001dd85f55600
 Bits: [0x000001dd98860000, 0x000001dd9a860000)

Polling page: 0x000001dd83cc0000

Metaspace:

Usage:
  Non-class:     66.60 MB used.
      Class:     10.79 MB used.
       Both:     77.39 MB used.

Virtual space:
  Non-class space:      128.00 MB reserved,      67.44 MB ( 53%) committed,  2 nodes.
      Class space:        1.00 GB reserved,      11.56 MB (  1%) committed,  1 nodes.
             Both:        1.12 GB reserved,      79.00 MB (  7%) committed. 

Chunk freelists:
   Non-Class:  11.94 MB
       Class:  4.44 MB
        Both:  16.38 MB

MaxMetaspaceSize: unlimited
CompressedClassSpaceSize: 1.00 GB
Initial GC threshold: 21.00 MB
Current GC threshold: 131.06 MB
CDS: off
 - commit_granule_bytes: 65536.
 - commit_granule_words: 8192.
 - virtual_space_node_default_size: 8388608.
 - enlarge_chunks_in_place: 1.
 - use_allocation_guard: 0.


Internal statistics:

num_allocs_failed_limit: 6.
num_arena_births: 3270.
num_arena_deaths: 0.
num_vsnodes_births: 3.
num_vsnodes_deaths: 0.
num_space_committed: 1264.
num_space_uncommitted: 0.
num_chunks_returned_to_freelist: 6.
num_chunks_taken_from_freelist: 6321.
num_chunk_merges: 6.
num_chunk_splits: 4138.
num_chunks_enlarged: 2576.
num_inconsistent_stats: 0.

CodeHeap 'non-profiled nmethods': size=120000Kb used=4000Kb max_used=4000Kb free=116000Kb
 bounds [0x000001dd90b30000, 0x000001dd90f20000, 0x000001dd98060000]
CodeHeap 'profiled nmethods': size=120000Kb used=14612Kb max_used=14612Kb free=105387Kb
 bounds [0x000001dd89060000, 0x000001dd89eb0000, 0x000001dd90590000]
CodeHeap 'non-nmethods': size=5760Kb used=2819Kb max_used=2874Kb free=2940Kb
 bounds [0x000001dd90590000, 0x000001dd90870000, 0x000001dd90b30000]
CodeCache: size=245760Kb, used=21431Kb, max_used=21486Kb, free=224327Kb
 total_blobs=8941, nmethods=7996, adapters=849, full_count=0
Compilation: enabled, stopped_count=0, restarted_count=0

Compilation events (20 events):
Event: 30.189 Thread 0x000001dda103d760 9046       3       org.gradle.cache.internal.btree.FileBackedBlockStore$BlockImpl::write (150 bytes)
Event: 30.194 Thread 0x000001dda103d760 nmethod 9046 0x000001dd89e9da90 code [0x000001dd89e9dea0, 0x000001dd89e9fab0]
Event: 30.194 Thread 0x000001dda103d760 9047       3       org.gradle.cache.internal.btree.ByteOutput::start (42 bytes)
Event: 30.194 Thread 0x000001dda101b310 nmethod 9056 0x000001dd90f17910 code [0x000001dd90f17ac0, 0x000001dd90f17dd0]
Event: 30.195 Thread 0x000001dda103d760 nmethod 9047 0x000001dd89ea0690 code [0x000001dd89ea08e0, 0x000001dd89ea13d0]
Event: 30.195 Thread 0x000001dda103d760 9048       3       org.gradle.cache.internal.btree.ByteOutput$ResettableBufferedOutputStream::clear (6 bytes)
Event: 30.195 Thread 0x000001dda103d760 nmethod 9048 0x000001dd89ea1790 code [0x000001dd89ea1920, 0x000001dd89ea1a30]
Event: 30.195 Thread 0x000001dda103d760 9049       3       com.google.common.io.CountingOutputStream::<init> (12 bytes)
Event: 30.196 Thread 0x000001dda103d760 nmethod 9049 0x000001dd89ea1b10 code [0x000001dd89ea1d00, 0x000001dd89ea21d8]
Event: 30.196 Thread 0x000001dda103d760 9050       3       com.google.common.io.CountingOutputStream::write (19 bytes)
Event: 30.196 Thread 0x000001dda103d760 nmethod 9050 0x000001dd89ea2390 code [0x000001dd89ea2540, 0x000001dd89ea2730]
Event: 30.196 Thread 0x000001dda103d760 9051       3       org.gradle.cache.internal.btree.BTreePersistentIndexedCache$DataBlock::write (33 bytes)
Event: 30.199 Thread 0x000001dda103d760 nmethod 9051 0x000001dd89ea2810 code [0x000001dd89ea2b20, 0x000001dd89ea3b70]
Event: 30.199 Thread 0x000001dda103d760 9053       3       org.gradle.internal.io.StreamByteBuffer$StreamByteBufferChunk::writeTo (41 bytes)
Event: 30.199 Thread 0x000001dda101b310 9057       4       org.gradle.cache.internal.btree.CachingBlockStore::read (56 bytes)
Event: 30.199 Thread 0x000001dda103d760 nmethod 9053 0x000001dd89ea4210 code [0x000001dd89ea43c0, 0x000001dd89ea45e8]
Event: 30.199 Thread 0x000001dda103d760 9054       3       org.gradle.cache.internal.btree.ByteOutput::getBytesWritten (8 bytes)
Event: 30.199 Thread 0x000001dda103d760 nmethod 9054 0x000001dd89ea4710 code [0x000001dd89ea48a0, 0x000001dd89ea49d0]
Event: 30.199 Thread 0x000001dda103d760 9055       3       org.gradle.cache.internal.btree.ByteOutput::done (13 bytes)
Event: 30.199 Thread 0x000001dda103d760 nmethod 9055 0x000001dd89ea4a90 code [0x000001dd89ea4c40, 0x000001dd89ea4f20]

GC Heap History (20 events):
Event: 16.497 GC heap after
{Heap after GC invocations=15 (full 0):
 garbage-first heap   total 79872K, used 42399K [0x0000000080000000, 0x0000000100000000)
  region size 1024K, 5 young (5120K), 5 survivors (5120K)
 Metaspace       used 56015K, committed 57472K, reserved 1114112K
  class space    used 7852K, committed 8512K, reserved 1048576K
}
Event: 17.008 GC heap before
{Heap before GC invocations=15 (full 0):
 garbage-first heap   total 79872K, used 51615K [0x0000000080000000, 0x0000000100000000)
  region size 1024K, 15 young (15360K), 5 survivors (5120K)
 Metaspace       used 56978K, committed 58432K, reserved 1114112K
  class space    used 7993K, committed 8704K, reserved 1048576K
}
Event: 17.021 GC heap after
{Heap after GC invocations=16 (full 0):
 garbage-first heap   total 79872K, used 44564K [0x0000000080000000, 0x0000000100000000)
  region size 1024K, 2 young (2048K), 2 survivors (2048K)
 Metaspace       used 56978K, committed 58432K, reserved 1114112K
  class space    used 7993K, committed 8704K, reserved 1048576K
}
Event: 17.306 GC heap before
{Heap before GC invocations=17 (full 0):
 garbage-first heap   total 79872K, used 70164K [0x0000000080000000, 0x0000000100000000)
  region size 1024K, 25 young (25600K), 2 survivors (2048K)
 Metaspace       used 57947K, committed 59456K, reserved 1114112K
  class space    used 8034K, committed 8768K, reserved 1048576K
}
Event: 17.311 GC heap after
{Heap after GC invocations=18 (full 0):
 garbage-first heap   total 79872K, used 43814K [0x0000000080000000, 0x0000000100000000)
  region size 1024K, 2 young (2048K), 2 survivors (2048K)
 Metaspace       used 57947K, committed 59456K, reserved 1114112K
  class space    used 8034K, committed 8768K, reserved 1048576K
}
Event: 18.298 GC heap before
{Heap before GC invocations=18 (full 0):
 garbage-first heap   total 79872K, used 68390K [0x0000000080000000, 0x0000000100000000)
  region size 1024K, 26 young (26624K), 2 survivors (2048K)
 Metaspace       used 60794K, committed 62272K, reserved 1114112K
  class space    used 8464K, committed 9152K, reserved 1048576K
}
Event: 18.309 GC heap after
{Heap after GC invocations=19 (full 0):
 garbage-first heap   total 79872K, used 45124K [0x0000000080000000, 0x0000000100000000)
  region size 1024K, 3 young (3072K), 3 survivors (3072K)
 Metaspace       used 60794K, committed 62272K, reserved 1114112K
  class space    used 8464K, committed 9152K, reserved 1048576K
}
Event: 19.285 GC heap before
{Heap before GC invocations=19 (full 0):
 garbage-first heap   total 79872K, used 69700K [0x0000000080000000, 0x0000000100000000)
  region size 1024K, 27 young (27648K), 3 survivors (3072K)
 Metaspace       used 64263K, committed 65728K, reserved 1114112K
  class space    used 8973K, committed 9664K, reserved 1048576K
}
Event: 19.298 GC heap after
{Heap after GC invocations=20 (full 0):
 garbage-first heap   total 97280K, used 46625K [0x0000000080000000, 0x0000000100000000)
  region size 1024K, 4 young (4096K), 4 survivors (4096K)
 Metaspace       used 64263K, committed 65728K, reserved 1114112K
  class space    used 8973K, committed 9664K, reserved 1048576K
}
Event: 21.192 GC heap before
{Heap before GC invocations=21 (full 0):
 garbage-first heap   total 97280K, used 84513K [0x0000000080000000, 0x0000000100000000)
  region size 1024K, 41 young (41984K), 4 survivors (4096K)
 Metaspace       used 69163K, committed 70784K, reserved 1114112K
  class space    used 9770K, committed 10560K, reserved 1048576K
}
Event: 21.203 GC heap after
{Heap after GC invocations=22 (full 0):
 garbage-first heap   total 97280K, used 48980K [0x0000000080000000, 0x0000000100000000)
  region size 1024K, 6 young (6144K), 6 survivors (6144K)
 Metaspace       used 69163K, committed 70784K, reserved 1114112K
  class space    used 9770K, committed 10560K, reserved 1048576K
}
Event: 23.002 GC heap before
{Heap before GC invocations=22 (full 0):
 garbage-first heap   total 97280K, used 83796K [0x0000000080000000, 0x0000000100000000)
  region size 1024K, 40 young (40960K), 6 survivors (6144K)
 Metaspace       used 75109K, committed 76800K, reserved 1114112K
  class space    used 10586K, committed 11392K, reserved 1048576K
}
Event: 23.046 GC heap after
{Heap after GC invocations=23 (full 0):
 garbage-first heap   total 97280K, used 50602K [0x0000000080000000, 0x0000000100000000)
  region size 1024K, 5 young (5120K), 5 survivors (5120K)
 Metaspace       used 75109K, committed 76800K, reserved 1114112K
  class space    used 10586K, committed 11392K, reserved 1048576K
}
Event: 26.670 GC heap before
{Heap before GC invocations=23 (full 0):
 garbage-first heap   total 97280K, used 84394K [0x0000000080000000, 0x0000000100000000)
  region size 1024K, 39 young (39936K), 5 survivors (5120K)
 Metaspace       used 78806K, committed 80448K, reserved 1179648K
  class space    used 11046K, committed 11840K, reserved 1048576K
}
Event: 26.714 GC heap after
{Heap after GC invocations=24 (full 0):
 garbage-first heap   total 97280K, used 55891K [0x0000000080000000, 0x0000000100000000)
  region size 1024K, 5 young (5120K), 5 survivors (5120K)
 Metaspace       used 78806K, committed 80448K, reserved 1179648K
  class space    used 11046K, committed 11840K, reserved 1048576K
}
Event: 28.040 GC heap before
{Heap before GC invocations=25 (full 0):
 garbage-first heap   total 97280K, used 84563K [0x0000000080000000, 0x0000000100000000)
  region size 1024K, 34 young (34816K), 5 survivors (5120K)
 Metaspace       used 79029K, committed 80704K, reserved 1179648K
  class space    used 11049K, committed 11840K, reserved 1048576K
}
Event: 28.056 GC heap after
{Heap after GC invocations=26 (full 0):
 garbage-first heap   total 97280K, used 57597K [0x0000000080000000, 0x0000000100000000)
  region size 1024K, 4 young (4096K), 4 survivors (4096K)
 Metaspace       used 79029K, committed 80704K, reserved 1179648K
  class space    used 11049K, committed 11840K, reserved 1048576K
}
Event: 28.901 GC heap before
{Heap before GC invocations=26 (full 0):
 garbage-first heap   total 97280K, used 85245K [0x0000000080000000, 0x0000000100000000)
  region size 1024K, 32 young (32768K), 4 survivors (4096K)
 Metaspace       used 79169K, committed 80832K, reserved 1179648K
  class space    used 11049K, committed 11840K, reserved 1048576K
}
Event: 28.911 GC heap after
{Heap after GC invocations=27 (full 0):
 garbage-first heap   total 97280K, used 57492K [0x0000000080000000, 0x0000000100000000)
  region size 1024K, 4 young (4096K), 4 survivors (4096K)
 Metaspace       used 79169K, committed 80832K, reserved 1179648K
  class space    used 11049K, committed 11840K, reserved 1048576K
}
Event: 30.253 GC heap before
{Heap before GC invocations=27 (full 0):
 garbage-first heap   total 97280K, used 85140K [0x0000000080000000, 0x0000000100000000)
  region size 1024K, 32 young (32768K), 4 survivors (4096K)
 Metaspace       used 79244K, committed 80896K, reserved 1179648K
  class space    used 11049K, committed 11840K, reserved 1048576K
}

Dll operation events (3 events):
Event: 0.026 Loaded shared library C:\Program Files\Android\Android Studio\jbr\bin\java.dll
Event: 0.038 Loaded shared library C:\Program Files\Android\Android Studio\jbr\bin\zip.dll
Event: 1.344 Loaded shared library C:\Program Files\Android\Android Studio\jbr\bin\verify.dll

Deoptimization events (20 events):
Event: 29.162 Thread 0x000001dda3419540 DEOPT PACKING pc=0x000001dd90e1663c sp=0x00000079e4cfe140
Event: 29.162 Thread 0x000001dda202b000 Uncommon trap: trap_request=0xffffff45 fr.pc=0x000001dd90e6cd60 relative=0x0000000000001140
Event: 29.162 Thread 0x000001dda202b000 Uncommon trap: reason=unstable_if action=reinterpret pc=0x000001dd90e6cd60 method=java.util.concurrent.ConcurrentHashMap.computeIfAbsent(Ljava/lang/Object;Ljava/util/function/Function;)Ljava/lang/Object; @ 199 c2
Event: 29.162 Thread 0x000001dda3419540 DEOPT UNPACKING pc=0x000001dd905e46a2 sp=0x00000079e4cfe0a8 mode 2
Event: 29.162 Thread 0x000001dda202b000 DEOPT PACKING pc=0x000001dd90e6cd60 sp=0x00000079e28f7740
Event: 29.162 Thread 0x000001dda3419540 Uncommon trap: trap_request=0xffffffde fr.pc=0x000001dd90e1663c relative=0x00000000000002fc
Event: 29.162 Thread 0x000001dda3419540 Uncommon trap: reason=class_check action=maybe_recompile pc=0x000001dd90e1663c method=java.util.concurrent.ConcurrentHashMap.get(Ljava/lang/Object;)Ljava/lang/Object; @ 93 c2
Event: 29.162 Thread 0x000001dda3419540 DEOPT PACKING pc=0x000001dd90e1663c sp=0x00000079e4cfe140
Event: 29.162 Thread 0x000001dda3419540 DEOPT UNPACKING pc=0x000001dd905e46a2 sp=0x00000079e4cfe0a8 mode 2
Event: 29.162 Thread 0x000001dda202b000 DEOPT UNPACKING pc=0x000001dd905e46a2 sp=0x00000079e28f76c0 mode 2
Event: 29.162 Thread 0x000001dda3418820 Uncommon trap: trap_request=0xffffffde fr.pc=0x000001dd90e1663c relative=0x00000000000002fc
Event: 29.162 Thread 0x000001dda3418820 Uncommon trap: reason=class_check action=maybe_recompile pc=0x000001dd90e1663c method=java.util.concurrent.ConcurrentHashMap.get(Ljava/lang/Object;)Ljava/lang/Object; @ 93 c2
Event: 29.162 Thread 0x000001dda3418820 DEOPT PACKING pc=0x000001dd90e1663c sp=0x00000079e4dfdfc0
Event: 29.162 Thread 0x000001dda3418820 DEOPT UNPACKING pc=0x000001dd905e46a2 sp=0x00000079e4dfdf28 mode 2
Event: 29.218 Thread 0x000001dda202b000 Uncommon trap: trap_request=0xffffff45 fr.pc=0x000001dd90e24d34 relative=0x00000000000013f4
Event: 29.218 Thread 0x000001dda202b000 Uncommon trap: reason=unstable_if action=reinterpret pc=0x000001dd90e24d34 method=java.util.concurrent.ConcurrentHashMap.addCount(JI)V @ 97 c2
Event: 29.218 Thread 0x000001dda202b000 DEOPT PACKING pc=0x000001dd90e24d34 sp=0x00000079e28f6c60
Event: 29.218 Thread 0x000001dda202b000 DEOPT UNPACKING pc=0x000001dd905e46a2 sp=0x00000079e28f6b30 mode 2
Event: 29.579 Thread 0x000001dda202b000 DEOPT PACKING pc=0x000001dd8934bf55 sp=0x00000079e28f7d60
Event: 29.579 Thread 0x000001dda202b000 DEOPT UNPACKING pc=0x000001dd905e4e42 sp=0x00000079e28f7208 mode 0

Classes loaded (20 events):
Event: 24.187 Loading class sun/security/ssl/SSLEngineOutputRecord$HandshakeFragment
Event: 24.187 Loading class sun/security/ssl/SSLEngineOutputRecord$HandshakeFragment done
Event: 24.187 Loading class sun/security/ssl/SSLEngineOutputRecord$HandshakeMemo
Event: 24.187 Loading class sun/security/ssl/SSLEngineOutputRecord$RecordMemo
Event: 24.187 Loading class sun/security/ssl/SSLEngineOutputRecord$RecordMemo done
Event: 24.187 Loading class sun/security/ssl/SSLEngineOutputRecord$HandshakeMemo done
Event: 24.262 Loading class sun/security/ssl/PreSharedKeyExtension$SHPreSharedKeySpec
Event: 24.263 Loading class sun/security/ssl/PreSharedKeyExtension$SHPreSharedKeySpec done
Event: 25.350 Loading class java/util/Collections$ReverseComparator
Event: 25.351 Loading class java/util/Collections$ReverseComparator done
Event: 25.351 Loading class java/util/Collections$ReverseComparator2
Event: 25.351 Loading class java/util/Collections$ReverseComparator2 done
Event: 26.724 Loading class sun/security/ssl/Alert
Event: 26.766 Loading class sun/security/ssl/Alert done
Event: 26.779 Loading class sun/security/ssl/Alert$AlertConsumer
Event: 26.780 Loading class sun/security/ssl/Alert$AlertConsumer done
Event: 26.780 Loading class sun/security/ssl/Alert$Level
Event: 26.780 Loading class sun/security/ssl/Alert$Level done
Event: 27.891 Loading class java/lang/foreign/MemorySegment
Event: 27.894 Loading class java/lang/foreign/MemorySegment done

Classes unloaded (0 events):
No events

Classes redefined (0 events):
No events

Internal exceptions (20 events):
Event: 20.838 Thread 0x000001dda202b000 Exception <a 'java/lang/ClassNotFoundException'{0x00000000843ad6d8}: org/gradle/api/invocation/GradleCustomizer> (0x00000000843ad6d8) 
thrown [s\src\hotspot\share\classfile\systemDictionary.cpp, line 312]
Event: 20.843 Thread 0x000001dda202b000 Exception <a 'java/lang/NoSuchMethodError'{0x00000000843cff60}: 'void java.lang.invoke.Invokers$Holder.invokeExact_MT(java.lang.Object, java.lang.Object, int, java.lang.Object)'> (0x00000000843cff60) 
thrown [s\src\hotspot\share\interpreter\linkResolver.cpp, line 784]
Event: 20.843 Thread 0x000001dda202b000 Implicit null exception at 0x000001dd90c721ed to 0x000001dd90c723b0
Event: 20.855 Thread 0x000001dda202b000 Exception <a 'java/lang/NoSuchMethodError'{0x0000000084201d10}: 'void java.lang.invoke.Invokers$Holder.invokeExact_MT(java.lang.Object, java.lang.Object, long, java.lang.Object)'> (0x0000000084201d10) 
thrown [s\src\hotspot\share\interpreter\linkResolver.cpp, line 784]
Event: 21.140 Thread 0x000001dda202b000 Exception <a 'java/lang/NoSuchMethodError'{0x0000000083b06688}: 'long java.lang.invoke.DirectMethodHandle$Holder.invokeStatic(java.lang.Object, long)'> (0x0000000083b06688) 
thrown [s\src\hotspot\share\interpreter\linkResolver.cpp, line 784]
Event: 21.255 Thread 0x000001dda202b000 Implicit null exception at 0x000001dd90dd754c to 0x000001dd90dd7898
Event: 21.324 Thread 0x000001dda202b000 Exception <a 'java/lang/NoSuchMethodError'{0x0000000085c9d908}: 'java.lang.Object java.lang.invoke.DirectMethodHandle$Holder.invokeVirtual(java.lang.Object, java.lang.Object, java.lang.Object, java.lang.Object, java.lang.Object, java.lang.Object, java.lang.Object, java.lang.Object, java.lang.Object, java.lang.Object, java.lang.Object, java.lang.Object, java.lang.Object, java.lang.Object, java.lang.Object, java.lang.Object, java.lang.Object)'> (0x0000000085c9d908) 
thrown [s\src\hotspot\share\interpreter\li
Event: 21.326 Thread 0x000001dda202b000 Exception <a 'java/lang/NoSuchMethodError'{0x0000000085ca37d8}: 'java.lang.Object java.lang.invoke.DirectMethodHandle$Holder.invokeSpecial(java.lang.Object, java.lang.Object, java.lang.Object, java.lang.Object, java.lang.Object, java.lang.Object, java.lang.Object, java.lang.Object, java.lang.Object, java.lang.Object, java.lang.Object, java.lang.Object, java.lang.Object, java.lang.Object, java.lang.Object, java.lang.Object, java.lang.Object, java.lang.Object)'> (0x0000000085ca37d8) 
thrown [s\src\hotspot\sh
Event: 21.326 Thread 0x000001dda202b000 Exception <a 'java/lang/NoSuchMethodError'{0x0000000085ca8d30}: 'java.lang.Object java.lang.invoke.DelegatingMethodHandle$Holder.reinvoke_L(java.lang.Object, java.lang.Object, java.lang.Object, java.lang.Object, java.lang.Object, java.lang.Object, java.lang.Object, java.lang.Object, java.lang.Object, java.lang.Object, java.lang.Object, java.lang.Object, java.lang.Object, java.lang.Object, java.lang.Object, java.lang.Object, java.lang.Object)'> (0x0000000085ca8d30) 
thrown [s\src\hotspot\share\interpreter\l
Event: 21.643 Thread 0x000001dda202b000 Exception <a 'java/lang/NoSuchMethodError'{0x000000008559d8f0}: static Lorg/gradle/api/internal/catalog/DefaultVersionCatalog;.<clinit>()V> (0x000000008559d8f0) 
thrown [s\src\hotspot\share\prims\jni.cpp, line 1144]
Event: 21.652 Thread 0x000001dda202b000 Exception <a 'java/lang/NoSuchMethodError'{0x00000000855d52a0}: static [Ljava/lang/Object;.<clinit>()V> (0x00000000855d52a0) 
thrown [s\src\hotspot\share\prims\jni.cpp, line 1144]
Event: 21.655 Thread 0x000001dda202b000 Exception <a 'java/lang/NoSuchMethodError'{0x00000000855fc6c8}: static Lorg/gradle/api/internal/catalog/DependencyModel;.<clinit>()V> (0x00000000855fc6c8) 
thrown [s\src\hotspot\share\prims\jni.cpp, line 1144]
Event: 21.656 Thread 0x000001dda202b000 Exception <a 'java/lang/NoSuchMethodError'{0x00000000854007e0}: static Lorg/gradle/api/internal/catalog/AbstractContextAwareModel;.<clinit>()V> (0x00000000854007e0) 
thrown [s\src\hotspot\share\prims\jni.cpp, line 1144]
Event: 21.658 Thread 0x000001dda202b000 Exception <a 'java/lang/NoSuchMethodError'{0x000000008541a018}: static Lorg/gradle/api/internal/artifacts/dependencies/AbstractVersionConstraint;.<clinit>()V> (0x000000008541a018) 
thrown [s\src\hotspot\share\prims\jni.cpp, line 1144]
Event: 21.677 Thread 0x000001dda202b000 Exception <a 'java/lang/NoSuchMethodError'{0x00000000854cc1e0}: static Lorg/gradle/api/internal/catalog/PluginModel;.<clinit>()V> (0x00000000854cc1e0) 
thrown [s\src\hotspot\share\prims\jni.cpp, line 1144]
Event: 21.681 Thread 0x000001dda202b000 Exception <a 'java/lang/NoSuchMethodError'{0x00000000854e3498}: static Lorg/gradle/api/internal/catalog/VersionModel;.<clinit>()V> (0x00000000854e3498) 
thrown [s\src\hotspot\share\prims\jni.cpp, line 1144]
Event: 21.834 Thread 0x000001dda202b000 Exception <a 'java/lang/NoSuchMethodError'{0x00000000850b6670}: 'int java.lang.invoke.DirectMethodHandle$Holder.invokeSpecialIFC(java.lang.Object, java.lang.Object, java.lang.Object)'> (0x00000000850b6670) 
thrown [s\src\hotspot\share\interpreter\linkResolver.cpp, line 784]
Event: 21.960 Thread 0x000001dda202b000 Exception <a 'java/lang/NoSuchMethodError'{0x0000000084c34388}: 'void java.lang.invoke.DirectMethodHandle$Holder.invokeStatic(java.lang.Object, java.lang.Object, java.lang.Object, int, java.lang.Object)'> (0x0000000084c34388) 
thrown [s\src\hotspot\share\interpreter\linkResolver.cpp, line 784]
Event: 22.100 Thread 0x000001dda202b000 Exception <a 'sun/nio/fs/WindowsException'{0x0000000084ab4398}> (0x0000000084ab4398) 
thrown [s\src\hotspot\share\prims\jni.cpp, line 537]
Event: 26.781 Thread 0x000001dd9cd9d770 Implicit null exception at 0x000001dd90c4aa07 to 0x000001dd90c4aae8

ZGC Phase Switch (0 events):
No events

VM Operations (20 events):
Event: 25.532 Executing VM operation: HandshakeAllThreads (Deoptimize) done
Event: 25.725 Executing VM operation: ICBufferFull
Event: 25.725 Executing VM operation: ICBufferFull done
Event: 26.432 Executing VM operation: ICBufferFull
Event: 26.432 Executing VM operation: ICBufferFull done
Event: 26.670 Executing VM operation: G1CollectForAllocation (G1 Evacuation Pause)
Event: 26.714 Executing VM operation: G1CollectForAllocation (G1 Evacuation Pause) done
Event: 27.005 Executing VM operation: G1PauseRemark
Event: 27.028 Executing VM operation: G1PauseRemark done
Event: 27.112 Executing VM operation: G1PauseCleanup
Event: 27.119 Executing VM operation: G1PauseCleanup done
Event: 27.870 Executing VM operation: ICBufferFull
Event: 27.870 Executing VM operation: ICBufferFull done
Event: 28.040 Executing VM operation: G1CollectForAllocation (G1 Evacuation Pause)
Event: 28.056 Executing VM operation: G1CollectForAllocation (G1 Evacuation Pause) done
Event: 28.901 Executing VM operation: G1CollectForAllocation (G1 Evacuation Pause)
Event: 28.911 Executing VM operation: G1CollectForAllocation (G1 Evacuation Pause) done
Event: 29.924 Executing VM operation: Cleanup
Event: 29.924 Executing VM operation: Cleanup done
Event: 30.253 Executing VM operation: G1CollectForAllocation (G1 Evacuation Pause)

Memory protections (0 events):
No events

Nmethod flushes (20 events):
Event: 27.025 Thread 0x000001dd9cd55080 flushing  nmethod 0x000001dd892b1490
Event: 27.025 Thread 0x000001dd9cd55080 flushing  nmethod 0x000001dd892eda90
Event: 27.025 Thread 0x000001dd9cd55080 flushing  nmethod 0x000001dd893b6890
Event: 27.025 Thread 0x000001dd9cd55080 flushing  nmethod 0x000001dd89445e90
Event: 27.025 Thread 0x000001dd9cd55080 flushing  nmethod 0x000001dd8947af90
Event: 27.025 Thread 0x000001dd9cd55080 flushing  nmethod 0x000001dd894e6610
Event: 27.025 Thread 0x000001dd9cd55080 flushing  nmethod 0x000001dd894e7010
Event: 27.025 Thread 0x000001dd9cd55080 flushing  nmethod 0x000001dd894e7a90
Event: 27.025 Thread 0x000001dd9cd55080 flushing  nmethod 0x000001dd8955c390
Event: 27.025 Thread 0x000001dd9cd55080 flushing  nmethod 0x000001dd89743d10
Event: 27.025 Thread 0x000001dd9cd55080 flushing  nmethod 0x000001dd8974a410
Event: 27.025 Thread 0x000001dd9cd55080 flushing  nmethod 0x000001dd897b3b10
Event: 27.025 Thread 0x000001dd9cd55080 flushing  nmethod 0x000001dd897b4010
Event: 27.025 Thread 0x000001dd9cd55080 flushing  nmethod 0x000001dd897baa10
Event: 27.025 Thread 0x000001dd9cd55080 flushing  nmethod 0x000001dd897cf190
Event: 27.025 Thread 0x000001dd9cd55080 flushing  nmethod 0x000001dd897d2990
Event: 27.025 Thread 0x000001dd9cd55080 flushing  nmethod 0x000001dd8986d890
Event: 27.025 Thread 0x000001dd9cd55080 flushing  nmethod 0x000001dd8989c090
Event: 27.026 Thread 0x000001dd9cd55080 flushing  nmethod 0x000001dd898cdf90
Event: 27.026 Thread 0x000001dd9cd55080 flushing osr nmethod 0x000001dd898f0a90

Events (20 events):
Event: 13.201 Thread 0x000001dda202b000 Thread added: 0x000001dda4daf8e0
Event: 15.431 Thread 0x000001dda202b000 Thread added: 0x000001dda4da9670
Event: 15.435 Thread 0x000001dda202b000 Thread added: 0x000001dda4db0c90
Event: 15.439 Thread 0x000001dda202b000 Thread added: 0x000001dda4dabdd0
Event: 15.661 Thread 0x000001dda202b000 Thread added: 0x000001dda4dadea0
Event: 15.663 Thread 0x000001dda202b000 Thread added: 0x000001dda4daa390
Event: 15.664 Thread 0x000001dda202b000 Thread added: 0x000001dda4cbe2d0
Event: 16.109 Thread 0x000001dda202b000 Thread added: 0x000001dda4cbb4e0
Event: 16.361 Thread 0x000001dda202b000 Thread added: 0x000001dda4cbe960
Event: 16.366 Thread 0x000001dda202b000 Thread added: 0x000001dda4cbeff0
Event: 16.367 Thread 0x000001dda202b000 Thread added: 0x000001dda4cbd5b0
Event: 25.729 Thread 0x000001dda202b000 Thread added: 0x000001dda4cbdc40
Event: 25.729 Thread 0x000001dda202b000 Thread added: 0x000001dda4cbc200
Event: 25.729 Thread 0x000001dda202b000 Thread added: 0x000001dda4cb9410
Event: 26.228 Thread 0x000001dda202b000 Thread added: 0x000001dda4cb86f0
Event: 26.233 Thread 0x000001dda202b000 Thread added: 0x000001dda4cbbb70
Event: 26.237 Thread 0x000001dda202b000 Thread added: 0x000001dda4cb9aa0
Event: 27.796 Thread 0x000001dda202b000 Thread added: 0x000001dda3416750
Event: 27.798 Thread 0x000001dda202b000 Thread added: 0x000001dda3419540
Event: 27.799 Thread 0x000001dda202b000 Thread added: 0x000001dda3418820


Dynamic libraries:
0x00007ff7a1770000 - 0x00007ff7a177a000 	C:\Program Files\Android\Android Studio\jbr\bin\java.exe
0x00007ffca8830000 - 0x00007ffca8a28000 	C:\WINDOWS\SYSTEM32\ntdll.dll
0x00007ffca8190000 - 0x00007ffca8252000 	C:\WINDOWS\System32\KERNEL32.DLL
0x00007ffca62d0000 - 0x00007ffca65c6000 	C:\WINDOWS\System32\KERNELBASE.dll
0x00007ffca6720000 - 0x00007ffca6820000 	C:\WINDOWS\System32\ucrtbase.dll
0x00007ffca0a70000 - 0x00007ffca0a8b000 	C:\Program Files\Android\Android Studio\jbr\bin\VCRUNTIME140.dll
0x00007ffc90460000 - 0x00007ffc90478000 	C:\Program Files\Android\Android Studio\jbr\bin\jli.dll
0x00007ffca7020000 - 0x00007ffca71c1000 	C:\WINDOWS\System32\USER32.dll
0x00007ffc90990000 - 0x00007ffc90c2b000 	C:\WINDOWS\WinSxS\amd64_microsoft.windows.common-controls_6595b64144ccf1df_6.0.19041.6456_none_60b8a6cb71f64256\COMCTL32.dll
0x00007ffca6820000 - 0x00007ffca6842000 	C:\WINDOWS\System32\win32u.dll
0x00007ffca6d10000 - 0x00007ffca6d3b000 	C:\WINDOWS\System32\GDI32.dll
0x00007ffca6bc0000 - 0x00007ffca6c5e000 	C:\WINDOWS\System32\msvcrt.dll
0x00007ffca6600000 - 0x00007ffca6719000 	C:\WINDOWS\System32\gdi32full.dll
0x00007ffca61e0000 - 0x00007ffca627d000 	C:\WINDOWS\System32\msvcp_win.dll
0x00007ffca7990000 - 0x00007ffca79bf000 	C:\WINDOWS\System32\IMM32.DLL
0x00007ffca09f0000 - 0x00007ffca09fc000 	C:\Program Files\Android\Android Studio\jbr\bin\vcruntime140_1.dll
0x00007ffc77870000 - 0x00007ffc778fd000 	C:\Program Files\Android\Android Studio\jbr\bin\msvcp140.dll
0x00007ffc500f0000 - 0x00007ffc50d86000 	C:\Program Files\Android\Android Studio\jbr\bin\server\jvm.dll
0x00007ffca8260000 - 0x00007ffca8311000 	C:\WINDOWS\System32\ADVAPI32.dll
0x00007ffca6990000 - 0x00007ffca6a2f000 	C:\WINDOWS\System32\sechost.dll
0x00007ffca6e70000 - 0x00007ffca6f90000 	C:\WINDOWS\System32\RPCRT4.dll
0x00007ffca65d0000 - 0x00007ffca65f7000 	C:\WINDOWS\System32\bcrypt.dll
0x00007ffca8780000 - 0x00007ffca87eb000 	C:\WINDOWS\System32\WS2_32.dll
0x00007ffc92da0000 - 0x00007ffc92dc7000 	C:\WINDOWS\SYSTEM32\WINMM.dll
0x00007ffca5450000 - 0x00007ffca549b000 	C:\WINDOWS\SYSTEM32\POWRPROF.dll
0x00007ffca3090000 - 0x00007ffca309a000 	C:\WINDOWS\SYSTEM32\VERSION.dll
0x00007ffca52c0000 - 0x00007ffca52d2000 	C:\WINDOWS\SYSTEM32\UMPDC.dll
0x00007ffca3d30000 - 0x00007ffca3d42000 	C:\WINDOWS\SYSTEM32\kernel.appcore.dll
0x00007ffc9b1e0000 - 0x00007ffc9b1ea000 	C:\Program Files\Android\Android Studio\jbr\bin\jimage.dll
0x00007ffc92ad0000 - 0x00007ffc92cd1000 	C:\WINDOWS\SYSTEM32\DBGHELP.DLL
0x00007ffc837f0000 - 0x00007ffc83824000 	C:\WINDOWS\SYSTEM32\dbgcore.DLL
0x00007ffca5ec0000 - 0x00007ffca5f42000 	C:\WINDOWS\System32\bcryptPrimitives.dll
0x00007ffca0a90000 - 0x00007ffca0a9e000 	C:\Program Files\Android\Android Studio\jbr\bin\instrument.dll
0x00007ffc91130000 - 0x00007ffc91150000 	C:\Program Files\Android\Android Studio\jbr\bin\java.dll
0x00007ffc91110000 - 0x00007ffc91128000 	C:\Program Files\Android\Android Studio\jbr\bin\zip.dll
0x00007ffca79c0000 - 0x00007ffca8130000 	C:\WINDOWS\System32\SHELL32.dll
0x00007ffca3f30000 - 0x00007ffca46d5000 	C:\WINDOWS\SYSTEM32\windows.storage.dll
0x00007ffca8320000 - 0x00007ffca8674000 	C:\WINDOWS\System32\combase.dll
0x00007ffca58f0000 - 0x00007ffca591b000 	C:\WINDOWS\SYSTEM32\Wldp.dll
0x00007ffca6da0000 - 0x00007ffca6e6d000 	C:\WINDOWS\System32\OLEAUT32.dll
0x00007ffca6c60000 - 0x00007ffca6d0d000 	C:\WINDOWS\System32\SHCORE.dll
0x00007ffca6d40000 - 0x00007ffca6d9b000 	C:\WINDOWS\System32\shlwapi.dll
0x00007ffca5df0000 - 0x00007ffca5e14000 	C:\WINDOWS\SYSTEM32\profapi.dll
0x00007ffc9b1d0000 - 0x00007ffc9b1e0000 	C:\Program Files\Android\Android Studio\jbr\bin\net.dll
0x00007ffc94fb0000 - 0x00007ffc950ba000 	C:\WINDOWS\SYSTEM32\WINHTTP.dll
0x00007ffca5650000 - 0x00007ffca56ba000 	C:\WINDOWS\system32\mswsock.dll
0x00007ffc90290000 - 0x00007ffc902a6000 	C:\Program Files\Android\Android Studio\jbr\bin\nio.dll
0x00007ffc91d80000 - 0x00007ffc91d90000 	C:\Program Files\Android\Android Studio\jbr\bin\verify.dll
0x00007ffc7c480000 - 0x00007ffc7c4a7000 	C:\Users\arman\.gradle\native\1def1411415f61bf3af743bc5b6707747c0891f09f0c88961ee8f79bc544acac\windows-amd64\native-platform.dll
0x00007ffc75990000 - 0x00007ffc75a08000 	C:\Users\arman\.gradle\native\0.2.7\x86_64-windows-gnu\gradle-fileevents.dll
0x00007ffc99380000 - 0x00007ffc99389000 	C:\Program Files\Android\Android Studio\jbr\bin\management.dll
0x00007ffc951d0000 - 0x00007ffc951db000 	C:\Program Files\Android\Android Studio\jbr\bin\management_ext.dll
0x00007ffca6980000 - 0x00007ffca6988000 	C:\WINDOWS\System32\PSAPI.DLL
0x00007ffca52e0000 - 0x00007ffca531b000 	C:\WINDOWS\SYSTEM32\IPHLPAPI.DLL
0x00007ffca6a30000 - 0x00007ffca6a38000 	C:\WINDOWS\System32\NSI.dll
0x00007ffc9a0f0000 - 0x00007ffc9a0f9000 	C:\Program Files\Android\Android Studio\jbr\bin\extnet.dll
0x00007ffca5840000 - 0x00007ffca5858000 	C:\WINDOWS\SYSTEM32\CRYPTSP.dll
0x00007ffca4f00000 - 0x00007ffca4f38000 	C:\WINDOWS\system32\rsaenh.dll
0x00007ffca5d70000 - 0x00007ffca5d9e000 	C:\WINDOWS\SYSTEM32\USERENV.dll
0x00007ffca5860000 - 0x00007ffca586c000 	C:\WINDOWS\SYSTEM32\CRYPTBASE.dll
0x00007ffc9b0a0000 - 0x00007ffc9b0a7000 	C:\WINDOWS\system32\wshunix.dll
0x00007ffca5330000 - 0x00007ffca53fa000 	C:\WINDOWS\SYSTEM32\DNSAPI.dll
0x00007ffc90240000 - 0x00007ffc9024a000 	C:\Windows\System32\rasadhlp.dll
0x00007ffc90720000 - 0x00007ffc907a0000 	C:\WINDOWS\System32\fwpuclnt.dll

JVMTI agents:
C:\Users\arman\.gradle\wrapper\dists\gradle-8.13-bin\5xuhj0ry160q40clulazy9h7d\gradle-8.13\lib\agents\gradle-instrumentation-agent-8.13.jar path:C:\Program Files\Android\Android Studio\jbr\bin\instrument.dll, loaded, initialized, instrumentlib options:none

dbghelp: loaded successfully - version: 4.0.5 - missing functions: none
symbol engine: initialized successfully - sym options: 0x614 - pdb path: .;C:\Program Files\Android\Android Studio\jbr\bin;C:\WINDOWS\SYSTEM32;C:\WINDOWS\WinSxS\amd64_microsoft.windows.common-controls_6595b64144ccf1df_6.0.19041.6456_none_60b8a6cb71f64256;C:\Program Files\Android\Android Studio\jbr\bin\server;C:\Users\arman\.gradle\native\1def1411415f61bf3af743bc5b6707747c0891f09f0c88961ee8f79bc544acac\windows-amd64;C:\Users\arman\.gradle\native\0.2.7\x86_64-windows-gnu

VM Arguments:
jvm_args: --add-opens=java.base/java.lang=ALL-UNNAMED --add-opens=java.base/java.lang.invoke=ALL-UNNAMED --add-opens=java.base/java.util=ALL-UNNAMED --add-opens=java.prefs/java.util.prefs=ALL-UNNAMED --add-exports=jdk.compiler/com.sun.tools.javac.api=ALL-UNNAMED --add-exports=jdk.compiler/com.sun.tools.javac.util=ALL-UNNAMED --add-opens=java.base/java.util=ALL-UNNAMED --add-opens=java.prefs/java.util.prefs=ALL-UNNAMED --add-opens=java.base/java.nio.charset=ALL-UNNAMED --add-opens=java.base/java.net=ALL-UNNAMED --add-opens=java.base/java.util.concurrent.atomic=ALL-UNNAMED --add-opens=java.xml/javax.xml.namespace=ALL-UNNAMED -Xmx2048m -Dfile.encoding=UTF-8 -Duser.country=RU -Duser.language=ru -Duser.variant -javaagent:C:\Users\arman\.gradle\wrapper\dists\gradle-8.13-bin\5xuhj0ry160q40clulazy9h7d\gradle-8.13\lib\agents\gradle-instrumentation-agent-8.13.jar 
java_command: org.gradle.launcher.daemon.bootstrap.GradleDaemon 8.13
java_class_path (initial): C:\Users\arman\.gradle\wrapper\dists\gradle-8.13-bin\5xuhj0ry160q40clulazy9h7d\gradle-8.13\lib\gradle-daemon-main-8.13.jar
Launcher Type: SUN_STANDARD

[Global flags]
     intx CICompilerCount                          = 3                                         {product} {ergonomic}
     uint ConcGCThreads                            = 1                                         {product} {ergonomic}
     uint G1ConcRefinementThreads                  = 4                                         {product} {ergonomic}
   size_t G1HeapRegionSize                         = 1048576                                   {product} {ergonomic}
    uintx GCDrainStackTargetSize                   = 64                                        {product} {ergonomic}
   size_t InitialHeapSize                          = 67108864                                  {product} {ergonomic}
   size_t MarkStackSize                            = 4194304                                   {product} {ergonomic}
   size_t MaxHeapSize                              = 2147483648                                {product} {command line}
   size_t MaxNewSize                               = 1287651328                                {product} {ergonomic}
   size_t MinHeapDeltaBytes                        = 1048576                                   {product} {ergonomic}
   size_t MinHeapSize                              = 8388608                                   {product} {ergonomic}
    uintx NonNMethodCodeHeapSize                   = 5832780                                {pd product} {ergonomic}
    uintx NonProfiledCodeHeapSize                  = 122912730                              {pd product} {ergonomic}
    uintx ProfiledCodeHeapSize                     = 122912730                              {pd product} {ergonomic}
    uintx ReservedCodeCacheSize                    = 251658240                              {pd product} {ergonomic}
     bool SegmentedCodeCache                       = true                                      {product} {ergonomic}
   size_t SoftMaxHeapSize                          = 2147483648                             {manageable} {ergonomic}
     bool UseCompressedOops                        = true                           {product lp64_product} {ergonomic}
     bool UseG1GC                                  = true                                      {product} {ergonomic}
     bool UseLargePagesIndividualAllocation        = false                                  {pd product} {ergonomic}

Logging:
Log output configuration:
 #0: stdout all=warning uptime,level,tags foldmultilines=false
 #1: stderr all=off uptime,level,tags foldmultilines=false

Environment Variables:
PATH=C:\Program Files (x86)\Common Files\Oracle\Java\javapath;C:\WINDOWS\system32;C:\WINDOWS;C:\WINDOWS\System32\Wbem;C:\WINDOWS\System32\WindowsPowerShell\v1.0\;C:\WINDOWS\System32\OpenSSH\;C:\Program Files\Git\cmd;C:\Users\arman\AppData\Local\Microsoft\WindowsApps;C:\Program Files\JetBrains\IntelliJ IDEA Community Edition 2024.3.2.2\bin;
USERNAME=Arman
OS=Windows_NT
PROCESSOR_IDENTIFIER=Intel64 Family 6 Model 78 Stepping 3, GenuineIntel
TMP=C:\Users\arman\AppData\Local\Temp
TEMP=C:\Users\arman\AppData\Local\Temp




Periodic native trim disabled

JNI global refs:
JNI global refs: 27, weak refs: 0

JNI global refs memory usage: 835, weak refs: 833

Process memory usage:
Resident Set Size: 204028K (5% of 4070552K total physical memory with 155516K free physical memory)

OOME stack traces (most recent first):
Classloader memory used:
Loader org.gradle.internal.classloader.VisitableURLClassLoader                         : 38553K
Loader bootstrap                                                                       : 28307K
Loader org.gradle.initialization.MixInLegacyTypesClassLoader                           : 10961K
Loader jdk.internal.loader.ClassLoaders$PlatformClassLoader                            : 819K
Loader jdk.internal.loader.ClassLoaders$AppClassLoader                                 : 235K
Loader jdk.internal.reflect.DelegatingClassLoader                                      : 128K
Loader org.gradle.internal.classloader.VisitableURLClassLoader                         : 112K
Loader org.gradle.groovy.scripts.internal.DefaultScriptCompilationHandler$ScriptClassLoader: 101096B
Loader org.gradle.internal.classloader.VisitableURLClassLoader$InstrumentingVisitableURLClassLoader: 18408B
Loader org.codehaus.groovy.runtime.callsite.CallSiteClassLoader                        : 10160B

Classes loaded by more than one classloader:
Class Program                                                                         : loaded 3 times (x 72B)
Class org.gradle.internal.classloader.ClassLoaderHierarchy                            : loaded 2 times (x 70B)
Class org.gradle.api.internal.classpath.ManifestUtil                                  : loaded 2 times (x 71B)
Class org.gradle.internal.classloader.DefaultClassLoaderFactory                       : loaded 2 times (x 82B)
Class org.gradle.internal.classloader.ClassLoaderVisitor                              : loaded 2 times (x 76B)
Class org.gradle.api.internal.classpath.EffectiveClassPath                            : loaded 2 times (x 90B)
Class org.gradle.api.internal.DefaultClassPathProvider                                : loaded 2 times (x 76B)
Class [Lorg.gradle.api.internal.ClassPathProvider;                                    : loaded 2 times (x 69B)
Class org.gradle.api.internal.ClassPathProvider                                       : loaded 2 times (x 70B)
Class org.gradle.internal.service.UnknownServiceException                             : loaded 2 times (x 83B)
Class org.gradle.internal.classpath.TransformedClassPath                              : loaded 2 times (x 96B)
Class org.gradle.internal.classloader.InstrumentingClassLoader                        : loaded 2 times (x 70B)
Class org.gradle.internal.service.ServiceLocator                                      : loaded 2 times (x 70B)
Class org.gradle.internal.InternalTransformer                                         : loaded 2 times (x 70B)
Class ijKotlinCoroutineJvmDebugInit1_99btjyk49ql1mwx7lp1hptdpn                        : loaded 2 times (x 179B)
Class org.gradle.internal.classloader.ClasspathUtil$1                                 : loaded 2 times (x 76B)
Class org.gradle.api.internal.classpath.DefaultModuleRegistry$DefaultModule           : loaded 2 times (x 86B)
Class org.gradle.api.internal.classpath.Module                                        : loaded 2 times (x 70B)
Class ijKotlinCoroutineJvmDebugInit1_99btjyk49ql1mwx7lp1hptdpn$_run_closure1          : loaded 2 times (x 139B)
Class org.gradle.api.internal.classpath.UnknownModuleException                        : loaded 2 times (x 82B)
Class org.gradle.api.internal.DefaultClassPathRegistry                                : loaded 2 times (x 76B)
Class org.gradle.api.internal.ClassPathRegistry                                       : loaded 2 times (x 70B)
Class org.gradle.internal.classpath.DefaultClassPath$ImmutableUniqueList              : loaded 2 times (x 199B)
Class org.gradle.internal.classloader.FilteringClassLoader                            : loaded 2 times (x 105B)
Class Settings_gradle$1                                                               : loaded 2 times (x 74B)
Class ijJvmDebugger1_9rgi9yi30s9ar3s7xycntlts$_run_closure1                           : loaded 2 times (x 139B)
Class org.gradle.internal.classpath.ClassPath                                         : loaded 2 times (x 70B)
Class org.gradle.api.UncheckedIOException                                             : loaded 2 times (x 82B)
Class org.gradle.internal.installation.GradleInstallation$1                           : loaded 2 times (x 75B)
Class org.gradle.api.internal.classpath.ModuleRegistry                                : loaded 2 times (x 70B)
Class org.gradle.api.internal.classpath.DefaultModuleRegistry                         : loaded 2 times (x 86B)
Class org.gradle.internal.service.ServiceLookupException                              : loaded 2 times (x 82B)
Class org.gradle.internal.classloader.ClassLoaderFactory                              : loaded 2 times (x 70B)
Class org.gradle.internal.service.CachingServiceLocator                               : loaded 2 times (x 82B)
Class org.gradle.internal.classloader.ClasspathUtil                                   : loaded 2 times (x 71B)
Class org.gradle.api.specs.Spec                                                       : loaded 2 times (x 70B)
Class org.gradle.internal.classloader.VisitableURLClassLoader$InstrumentingVisitableURLClassLoader: loaded 2 times (x 123B)
Class org.gradle.internal.classloader.VisitableURLClassLoader$Spec                    : loaded 2 times (x 74B)
Class org.gradle.internal.classpath.DefaultClassPath                                  : loaded 2 times (x 90B)
Class org.gradle.internal.classloader.ClassLoaderSpec                                 : loaded 2 times (x 71B)
Class Settings_gradle$1$1                                                             : loaded 2 times (x 74B)
Class org.gradle.internal.classloader.VisitableURLClassLoader                         : loaded 2 times (x 117B)
Class Settings_gradle                                                                 : loaded 2 times (x 128B)
Class org.gradle.internal.Cast                                                        : loaded 2 times (x 71B)
Class org.gradle.api.Action                                                           : loaded 2 times (x 70B)
Class org.gradle.internal.classpath.DefaultClassPath$ImmutableUniqueList$Builder      : loaded 2 times (x 75B)
Class org.gradle.api.GradleException                                                  : loaded 2 times (x 82B)
Class org.gradle.internal.IoActions                                                   : loaded 2 times (x 71B)
Class org.gradle.internal.classloader.SystemClassLoaderSpec                           : loaded 2 times (x 71B)
Class org.gradle.api.internal.classpath.GlobalCacheRootsProvider                      : loaded 2 times (x 70B)
Class org.gradle.internal.installation.CurrentGradleInstallationLocator               : loaded 2 times (x 71B)
Class org.gradle.internal.service.DefaultServiceLocator                               : loaded 2 times (x 83B)
Class org.gradle.internal.installation.CurrentGradleInstallation                      : loaded 2 times (x 73B)
Class org.gradle.util.internal.GUtil                                                  : loaded 2 times (x 71B)
Class org.gradle.internal.installation.GradleInstallation                             : loaded 2 times (x 75B)
Class ijJvmDebugger1_9rgi9yi30s9ar3s7xycntlts                                         : loaded 2 times (x 179B)

---------------  S Y S T E M  ---------------

OS:
 Windows 10 , 64 bit Build 19041 (10.0.19041.5915)
OS uptime: 0 days 21:18 hours

CPU: total 4 (initial active 4) (2 cores per cpu, 2 threads per core) family 6 model 78 stepping 3 microcode 0xcc, cx8, cmov, fxsr, ht, mmx, 3dnowpref, sse, sse2, sse3, ssse3, sse4.1, sse4.2, popcnt, lzcnt, tsc, tscinvbit, avx, avx2, aes, erms, clmul, bmi1, bmi2, adx, fma, vzeroupper, clflush, clflushopt, rdtscp, f16c
Processor Information for the first 4 processors :
  Max Mhz: 1992, Current Mhz: 1992, Mhz Limit: 1992

Memory: 4k page, system-wide physical 3975M (143M free)
TotalPageFile size 20975M (AvailPageFile size 5M)
current process WorkingSet (physical memory assigned to process): 201M, peak: 224M
current process commit charge ("private bytes"): 327M, peak: 355M

vm_info: OpenJDK 64-Bit Server VM (21.0.8+-14196175-b1038.72) for windows-amd64 JRE (21.0.8+-14196175-b1038.72), built on 2025-10-01T10:24:33Z by "builder" with MS VC++ 16.10 / 16.11 (VS2019)

END.
